2025-10-15 18:52:18 | INFO | monitoring_service | 📂 Logging initialized → /logs/monitoring_service_20251015.log
2025-10-15 18:52:18 | WARNING | monitoring_service | ⚠️ Could not load config.yaml: ⚠️ Could not find config.yaml starting from /app
2025-10-15 18:52:18 | INFO | monitoring_service | ✅ Configuration loaded for Monitoring Service
2025-10-15 18:52:18 | INFO | monitoring_service | 🩺 Monitoring targets: ['data_service', 'strategy_service', 'execution_service', 'risk_service', 'auth_service']
2025-10-15 18:52:18 | INFO | monitoring_service | 🚀 Starting Monitoring Service...
2025-10-15 19:28:57 | INFO | monitoring_service | 📂 Logging initialized → /logs/monitoring_service_20251015.log
2025-10-15 19:33:54 | INFO | monitoring_service | 📂 Logging initialized → /logs/monitoring_service_20251015.log
2025-10-15 19:37:29 | INFO | monitoring_service | 📂 Logging initialized → /logs/monitoring_service_20251015.log
2025-10-15 19:37:29 | INFO | monitoring_service | 📂 Logging initialized → /logs/monitoring_service_20251015.log
2025-10-15 19:37:29 | INFO | monitoring_service | 📂 Logging initialized → /logs/monitoring_service_20251015.log
2025-10-15 19:43:59 | INFO | monitoring_service | 📂 Logging initialized → /logs/monitoring_service_20251015.log
2025-10-15 19:43:59 | INFO | monitoring_service | 📂 Logging initialized → /logs/monitoring_service_20251015.log
2025-10-15 19:43:59 | INFO | monitoring_service | 📂 Logging initialized → /logs/monitoring_service_20251015.log
2025-10-15 19:59:48 | INFO | monitoring_service | 📂 Logging initialized → /logs/monitoring_service_20251015.log
2025-10-15 19:59:48 | WARNING | monitoring_service | ⚠️ Could not load config.yaml: ⚠️ Could not find config.yaml starting from /app
2025-10-15 19:59:48 | INFO | monitoring_service | ✅ Configuration loaded for Monitoring Service
2025-10-15 19:59:48 | INFO | monitoring_service | 🩺 Monitoring targets: ['data_service', 'strategy_service', 'execution_service', 'risk_service', 'auth_service']
2025-10-15 19:59:48 | INFO | monitoring_service | 🚀 Starting Monitoring Service...
2025-10-15 19:59:49 | INFO | monitoring_service | 📂 Logging initialized → /logs/monitoring_service_20251015.log
2025-10-15 19:59:49 | INFO | monitoring_service | 📂 Logging initialized → /logs/monitoring_service_20251015.log
2025-10-15 19:59:49 | INFO | monitoring_service | 📂 Logging initialized → /logs/monitoring_service_20251015.log
2025-10-15 20:05:05 | INFO | monitoring_service | 📂 Logging initialized → /logs/monitoring_service_20251015.log
2025-10-15 20:05:05 | WARNING | monitoring_service | ⚠️ Could not load config.yaml: ⚠️ Could not find config.yaml starting from /app
2025-10-15 20:05:05 | INFO | monitoring_service | ✅ Configuration loaded for Monitoring Service
2025-10-15 20:05:05 | INFO | monitoring_service | 🩺 Monitoring targets: ['data_service', 'strategy_service', 'execution_service', 'risk_service', 'auth_service']
2025-10-15 20:05:05 | INFO | monitoring_service | 🚀 Starting Monitoring Service...
2025-10-15 20:05:07 | INFO | monitoring_service | 📂 Logging initialized → /logs/monitoring_service_20251015.log
2025-10-15 20:05:07 | INFO | monitoring_service | 📂 Logging initialized → /logs/monitoring_service_20251015.log
2025-10-15 20:05:07 | INFO | monitoring_service | 📂 Logging initialized → /logs/monitoring_service_20251015.log
2025-10-15 20:05:07 | INFO | monitoring_service | 📂 Logging initialized → /logs/monitoring_service_20251015.log
2025-10-15 20:05:07 | INFO | monitoring_service | 📂 Logging initialized → /logs/monitoring_service_20251015.log
2025-10-15 20:05:07 | INFO | monitoring_service | 📂 Logging initialized → /logs/monitoring_service_20251015.log
2025-10-15 20:05:07 | INFO | monitoring_service | 📂 Logging initialized → /logs/monitoring_service_20251015.log
2025-10-15 20:05:07 | INFO | monitoring_service | 📂 Logging initialized → /logs/monitoring_service_20251015.log
2025-10-15 20:05:07 | INFO | monitoring_service | 📂 Logging initialized → /logs/monitoring_service_20251015.log
2025-10-15 20:05:07 | INFO | monitoring_service | 🚀 Initializing Data Service...
2025-10-15 20:05:07 | INFO | monitoring_service | ⚙️ Configuration loaded successfully
2025-10-15 20:05:07 | INFO | monitoring_service | 🩺 Health check route registered at /healthz
2025-10-15 20:05:07 | INFO | monitoring_service | 📡 Data Service startup event triggered
2025-10-15 20:05:07 | INFO | monitoring_service | 🧱 Ensuring TimescaleDB tables exist...
2025-10-15 20:05:11 | ERROR | monitoring_service | ❌ Failed to ensure Timescale table: (psycopg2.OperationalError) could not translate host name "postgres" to address: Name or service not known

(Background on this error at: https://sqlalche.me/e/20/e3q8)
Traceback (most recent call last):
  File "/usr/local/lib/python3.12/site-packages/sqlalchemy/engine/base.py", line 146, in __init__
    self._dbapi_connection = engine.raw_connection()
                             ^^^^^^^^^^^^^^^^^^^^^^^
  File "/usr/local/lib/python3.12/site-packages/sqlalchemy/engine/base.py", line 3302, in raw_connection
    return self.pool.connect()
           ^^^^^^^^^^^^^^^^^^^
  File "/usr/local/lib/python3.12/site-packages/sqlalchemy/pool/base.py", line 449, in connect
    return _ConnectionFairy._checkout(self)
           ^^^^^^^^^^^^^^^^^^^^^^^^^^^^^^^^
  File "/usr/local/lib/python3.12/site-packages/sqlalchemy/pool/base.py", line 1263, in _checkout
    fairy = _ConnectionRecord.checkout(pool)
            ^^^^^^^^^^^^^^^^^^^^^^^^^^^^^^^^
  File "/usr/local/lib/python3.12/site-packages/sqlalchemy/pool/base.py", line 712, in checkout
    rec = pool._do_get()
          ^^^^^^^^^^^^^^
  File "/usr/local/lib/python3.12/site-packages/sqlalchemy/pool/impl.py", line 179, in _do_get
    with util.safe_reraise():
         ^^^^^^^^^^^^^^^^^^^
  File "/usr/local/lib/python3.12/site-packages/sqlalchemy/util/langhelpers.py", line 146, in __exit__
    raise exc_value.with_traceback(exc_tb)
  File "/usr/local/lib/python3.12/site-packages/sqlalchemy/pool/impl.py", line 177, in _do_get
    return self._create_connection()
           ^^^^^^^^^^^^^^^^^^^^^^^^^
  File "/usr/local/lib/python3.12/site-packages/sqlalchemy/pool/base.py", line 390, in _create_connection
    return _ConnectionRecord(self)
           ^^^^^^^^^^^^^^^^^^^^^^^
  File "/usr/local/lib/python3.12/site-packages/sqlalchemy/pool/base.py", line 674, in __init__
    self.__connect()
  File "/usr/local/lib/python3.12/site-packages/sqlalchemy/pool/base.py", line 900, in __connect
    with util.safe_reraise():
         ^^^^^^^^^^^^^^^^^^^
  File "/usr/local/lib/python3.12/site-packages/sqlalchemy/util/langhelpers.py", line 146, in __exit__
    raise exc_value.with_traceback(exc_tb)
  File "/usr/local/lib/python3.12/site-packages/sqlalchemy/pool/base.py", line 896, in __connect
    self.dbapi_connection = connection = pool._invoke_creator(self)
                                         ^^^^^^^^^^^^^^^^^^^^^^^^^^
  File "/usr/local/lib/python3.12/site-packages/sqlalchemy/engine/create.py", line 643, in connect
    return dialect.connect(*cargs, **cparams)
           ^^^^^^^^^^^^^^^^^^^^^^^^^^^^^^^^^^
  File "/usr/local/lib/python3.12/site-packages/sqlalchemy/engine/default.py", line 621, in connect
    return self.loaded_dbapi.connect(*cargs, **cparams)
           ^^^^^^^^^^^^^^^^^^^^^^^^^^^^^^^^^^^^^^^^^^^^
  File "/usr/local/lib/python3.12/site-packages/psycopg2/__init__.py", line 122, in connect
    conn = _connect(dsn, connection_factory=connection_factory, **kwasync)
           ^^^^^^^^^^^^^^^^^^^^^^^^^^^^^^^^^^^^^^^^^^^^^^^^^^^^^^^^^^^^^^^
psycopg2.OperationalError: could not translate host name "postgres" to address: Name or service not known


The above exception was the direct cause of the following exception:

Traceback (most recent call last):
  File "/app/services/data_service/ingestion/storage.py", line 40, in ensure_timescale_table
    with engine.begin() as conn:
         ^^^^^^^^^^^^^^
  File "/usr/local/lib/python3.12/contextlib.py", line 137, in __enter__
    return next(self.gen)
           ^^^^^^^^^^^^^^
  File "/usr/local/lib/python3.12/site-packages/sqlalchemy/engine/base.py", line 3242, in begin
    with self.connect() as conn:
         ^^^^^^^^^^^^^^
  File "/usr/local/lib/python3.12/site-packages/sqlalchemy/engine/base.py", line 3278, in connect
    return self._connection_cls(self)
           ^^^^^^^^^^^^^^^^^^^^^^^^^^
  File "/usr/local/lib/python3.12/site-packages/sqlalchemy/engine/base.py", line 148, in __init__
    Connection._handle_dbapi_exception_noconnection(
  File "/usr/local/lib/python3.12/site-packages/sqlalchemy/engine/base.py", line 2442, in _handle_dbapi_exception_noconnection
    raise sqlalchemy_exception.with_traceback(exc_info[2]) from e
  File "/usr/local/lib/python3.12/site-packages/sqlalchemy/engine/base.py", line 146, in __init__
    self._dbapi_connection = engine.raw_connection()
                             ^^^^^^^^^^^^^^^^^^^^^^^
  File "/usr/local/lib/python3.12/site-packages/sqlalchemy/engine/base.py", line 3302, in raw_connection
    return self.pool.connect()
           ^^^^^^^^^^^^^^^^^^^
  File "/usr/local/lib/python3.12/site-packages/sqlalchemy/pool/base.py", line 449, in connect
    return _ConnectionFairy._checkout(self)
           ^^^^^^^^^^^^^^^^^^^^^^^^^^^^^^^^
  File "/usr/local/lib/python3.12/site-packages/sqlalchemy/pool/base.py", line 1263, in _checkout
    fairy = _ConnectionRecord.checkout(pool)
            ^^^^^^^^^^^^^^^^^^^^^^^^^^^^^^^^
  File "/usr/local/lib/python3.12/site-packages/sqlalchemy/pool/base.py", line 712, in checkout
    rec = pool._do_get()
          ^^^^^^^^^^^^^^
  File "/usr/local/lib/python3.12/site-packages/sqlalchemy/pool/impl.py", line 179, in _do_get
    with util.safe_reraise():
         ^^^^^^^^^^^^^^^^^^^
  File "/usr/local/lib/python3.12/site-packages/sqlalchemy/util/langhelpers.py", line 146, in __exit__
    raise exc_value.with_traceback(exc_tb)
  File "/usr/local/lib/python3.12/site-packages/sqlalchemy/pool/impl.py", line 177, in _do_get
    return self._create_connection()
           ^^^^^^^^^^^^^^^^^^^^^^^^^
  File "/usr/local/lib/python3.12/site-packages/sqlalchemy/pool/base.py", line 390, in _create_connection
    return _ConnectionRecord(self)
           ^^^^^^^^^^^^^^^^^^^^^^^
  File "/usr/local/lib/python3.12/site-packages/sqlalchemy/pool/base.py", line 674, in __init__
    self.__connect()
  File "/usr/local/lib/python3.12/site-packages/sqlalchemy/pool/base.py", line 900, in __connect
    with util.safe_reraise():
         ^^^^^^^^^^^^^^^^^^^
  File "/usr/local/lib/python3.12/site-packages/sqlalchemy/util/langhelpers.py", line 146, in __exit__
    raise exc_value.with_traceback(exc_tb)
  File "/usr/local/lib/python3.12/site-packages/sqlalchemy/pool/base.py", line 896, in __connect
    self.dbapi_connection = connection = pool._invoke_creator(self)
                                         ^^^^^^^^^^^^^^^^^^^^^^^^^^
  File "/usr/local/lib/python3.12/site-packages/sqlalchemy/engine/create.py", line 643, in connect
    return dialect.connect(*cargs, **cparams)
           ^^^^^^^^^^^^^^^^^^^^^^^^^^^^^^^^^^
  File "/usr/local/lib/python3.12/site-packages/sqlalchemy/engine/default.py", line 621, in connect
    return self.loaded_dbapi.connect(*cargs, **cparams)
           ^^^^^^^^^^^^^^^^^^^^^^^^^^^^^^^^^^^^^^^^^^^^
  File "/usr/local/lib/python3.12/site-packages/psycopg2/__init__.py", line 122, in connect
    conn = _connect(dsn, connection_factory=connection_factory, **kwasync)
           ^^^^^^^^^^^^^^^^^^^^^^^^^^^^^^^^^^^^^^^^^^^^^^^^^^^^^^^^^^^^^^^
sqlalchemy.exc.OperationalError: (psycopg2.OperationalError) could not translate host name "postgres" to address: Name or service not known

(Background on this error at: https://sqlalche.me/e/20/e3q8)
2025-10-15 20:05:11 | WARNING | monitoring_service | ⚠️ Timescale initialization failed: (psycopg2.OperationalError) could not translate host name "postgres" to address: Name or service not known

(Background on this error at: https://sqlalche.me/e/20/e3q8)
Traceback (most recent call last):
  File "/usr/local/lib/python3.12/site-packages/sqlalchemy/engine/base.py", line 146, in __init__
    self._dbapi_connection = engine.raw_connection()
                             ^^^^^^^^^^^^^^^^^^^^^^^
  File "/usr/local/lib/python3.12/site-packages/sqlalchemy/engine/base.py", line 3302, in raw_connection
    return self.pool.connect()
           ^^^^^^^^^^^^^^^^^^^
  File "/usr/local/lib/python3.12/site-packages/sqlalchemy/pool/base.py", line 449, in connect
    return _ConnectionFairy._checkout(self)
           ^^^^^^^^^^^^^^^^^^^^^^^^^^^^^^^^
  File "/usr/local/lib/python3.12/site-packages/sqlalchemy/pool/base.py", line 1263, in _checkout
    fairy = _ConnectionRecord.checkout(pool)
            ^^^^^^^^^^^^^^^^^^^^^^^^^^^^^^^^
  File "/usr/local/lib/python3.12/site-packages/sqlalchemy/pool/base.py", line 712, in checkout
    rec = pool._do_get()
          ^^^^^^^^^^^^^^
  File "/usr/local/lib/python3.12/site-packages/sqlalchemy/pool/impl.py", line 179, in _do_get
    with util.safe_reraise():
         ^^^^^^^^^^^^^^^^^^^
  File "/usr/local/lib/python3.12/site-packages/sqlalchemy/util/langhelpers.py", line 146, in __exit__
    raise exc_value.with_traceback(exc_tb)
  File "/usr/local/lib/python3.12/site-packages/sqlalchemy/pool/impl.py", line 177, in _do_get
    return self._create_connection()
           ^^^^^^^^^^^^^^^^^^^^^^^^^
  File "/usr/local/lib/python3.12/site-packages/sqlalchemy/pool/base.py", line 390, in _create_connection
    return _ConnectionRecord(self)
           ^^^^^^^^^^^^^^^^^^^^^^^
  File "/usr/local/lib/python3.12/site-packages/sqlalchemy/pool/base.py", line 674, in __init__
    self.__connect()
  File "/usr/local/lib/python3.12/site-packages/sqlalchemy/pool/base.py", line 900, in __connect
    with util.safe_reraise():
         ^^^^^^^^^^^^^^^^^^^
  File "/usr/local/lib/python3.12/site-packages/sqlalchemy/util/langhelpers.py", line 146, in __exit__
    raise exc_value.with_traceback(exc_tb)
  File "/usr/local/lib/python3.12/site-packages/sqlalchemy/pool/base.py", line 896, in __connect
    self.dbapi_connection = connection = pool._invoke_creator(self)
                                         ^^^^^^^^^^^^^^^^^^^^^^^^^^
  File "/usr/local/lib/python3.12/site-packages/sqlalchemy/engine/create.py", line 643, in connect
    return dialect.connect(*cargs, **cparams)
           ^^^^^^^^^^^^^^^^^^^^^^^^^^^^^^^^^^
  File "/usr/local/lib/python3.12/site-packages/sqlalchemy/engine/default.py", line 621, in connect
    return self.loaded_dbapi.connect(*cargs, **cparams)
           ^^^^^^^^^^^^^^^^^^^^^^^^^^^^^^^^^^^^^^^^^^^^
  File "/usr/local/lib/python3.12/site-packages/psycopg2/__init__.py", line 122, in connect
    conn = _connect(dsn, connection_factory=connection_factory, **kwasync)
           ^^^^^^^^^^^^^^^^^^^^^^^^^^^^^^^^^^^^^^^^^^^^^^^^^^^^^^^^^^^^^^^
psycopg2.OperationalError: could not translate host name "postgres" to address: Name or service not known


The above exception was the direct cause of the following exception:

Traceback (most recent call last):
  File "/app/services/data_service/main.py", line 68, in startup_event
    ensure_timescale_table()
  File "/app/services/data_service/ingestion/storage.py", line 40, in ensure_timescale_table
    with engine.begin() as conn:
         ^^^^^^^^^^^^^^
  File "/usr/local/lib/python3.12/contextlib.py", line 137, in __enter__
    return next(self.gen)
           ^^^^^^^^^^^^^^
  File "/usr/local/lib/python3.12/site-packages/sqlalchemy/engine/base.py", line 3242, in begin
    with self.connect() as conn:
         ^^^^^^^^^^^^^^
  File "/usr/local/lib/python3.12/site-packages/sqlalchemy/engine/base.py", line 3278, in connect
    return self._connection_cls(self)
           ^^^^^^^^^^^^^^^^^^^^^^^^^^
  File "/usr/local/lib/python3.12/site-packages/sqlalchemy/engine/base.py", line 148, in __init__
    Connection._handle_dbapi_exception_noconnection(
  File "/usr/local/lib/python3.12/site-packages/sqlalchemy/engine/base.py", line 2442, in _handle_dbapi_exception_noconnection
    raise sqlalchemy_exception.with_traceback(exc_info[2]) from e
  File "/usr/local/lib/python3.12/site-packages/sqlalchemy/engine/base.py", line 146, in __init__
    self._dbapi_connection = engine.raw_connection()
                             ^^^^^^^^^^^^^^^^^^^^^^^
  File "/usr/local/lib/python3.12/site-packages/sqlalchemy/engine/base.py", line 3302, in raw_connection
    return self.pool.connect()
           ^^^^^^^^^^^^^^^^^^^
  File "/usr/local/lib/python3.12/site-packages/sqlalchemy/pool/base.py", line 449, in connect
    return _ConnectionFairy._checkout(self)
           ^^^^^^^^^^^^^^^^^^^^^^^^^^^^^^^^
  File "/usr/local/lib/python3.12/site-packages/sqlalchemy/pool/base.py", line 1263, in _checkout
    fairy = _ConnectionRecord.checkout(pool)
            ^^^^^^^^^^^^^^^^^^^^^^^^^^^^^^^^
  File "/usr/local/lib/python3.12/site-packages/sqlalchemy/pool/base.py", line 712, in checkout
    rec = pool._do_get()
          ^^^^^^^^^^^^^^
  File "/usr/local/lib/python3.12/site-packages/sqlalchemy/pool/impl.py", line 179, in _do_get
    with util.safe_reraise():
         ^^^^^^^^^^^^^^^^^^^
  File "/usr/local/lib/python3.12/site-packages/sqlalchemy/util/langhelpers.py", line 146, in __exit__
    raise exc_value.with_traceback(exc_tb)
  File "/usr/local/lib/python3.12/site-packages/sqlalchemy/pool/impl.py", line 177, in _do_get
    return self._create_connection()
           ^^^^^^^^^^^^^^^^^^^^^^^^^
  File "/usr/local/lib/python3.12/site-packages/sqlalchemy/pool/base.py", line 390, in _create_connection
    return _ConnectionRecord(self)
           ^^^^^^^^^^^^^^^^^^^^^^^
  File "/usr/local/lib/python3.12/site-packages/sqlalchemy/pool/base.py", line 674, in __init__
    self.__connect()
  File "/usr/local/lib/python3.12/site-packages/sqlalchemy/pool/base.py", line 900, in __connect
    with util.safe_reraise():
         ^^^^^^^^^^^^^^^^^^^
  File "/usr/local/lib/python3.12/site-packages/sqlalchemy/util/langhelpers.py", line 146, in __exit__
    raise exc_value.with_traceback(exc_tb)
  File "/usr/local/lib/python3.12/site-packages/sqlalchemy/pool/base.py", line 896, in __connect
    self.dbapi_connection = connection = pool._invoke_creator(self)
                                         ^^^^^^^^^^^^^^^^^^^^^^^^^^
  File "/usr/local/lib/python3.12/site-packages/sqlalchemy/engine/create.py", line 643, in connect
    return dialect.connect(*cargs, **cparams)
           ^^^^^^^^^^^^^^^^^^^^^^^^^^^^^^^^^^
  File "/usr/local/lib/python3.12/site-packages/sqlalchemy/engine/default.py", line 621, in connect
    return self.loaded_dbapi.connect(*cargs, **cparams)
           ^^^^^^^^^^^^^^^^^^^^^^^^^^^^^^^^^^^^^^^^^^^^
  File "/usr/local/lib/python3.12/site-packages/psycopg2/__init__.py", line 122, in connect
    conn = _connect(dsn, connection_factory=connection_factory, **kwasync)
           ^^^^^^^^^^^^^^^^^^^^^^^^^^^^^^^^^^^^^^^^^^^^^^^^^^^^^^^^^^^^^^^
sqlalchemy.exc.OperationalError: (psycopg2.OperationalError) could not translate host name "postgres" to address: Name or service not known

(Background on this error at: https://sqlalche.me/e/20/e3q8)
2025-10-15 20:05:11 | INFO | monitoring_service | ⏱️ Launching ingestion scheduler (non-blocking)...
2025-10-15 20:05:11 | INFO | monitoring_service | ⚙️ Starting scheduler with config | symbols=['BTC/USDT'] | timeframe=1m | interval=60s
2025-10-15 20:05:11 | INFO | monitoring_service | 📆 Scheduled job added | id=fetch_BTC_USDT_1m | every=60s
2025-10-15 20:05:11 | INFO | monitoring_service | ✅ Scheduler started with 1 jobs
2025-10-15 20:05:11 | INFO | monitoring_service | ✅ Scheduler successfully started
2025-10-15 20:05:11 | INFO | monitoring_service | ✅ Data Service startup completed in 3.72s
2025-10-15 20:06:44 | INFO | monitoring_service | 🛑 Data Service shutdown initiated...
2025-10-15 20:06:44 | INFO | monitoring_service | ✅ Data Service shutdown complete
2025-10-15 20:07:45 | INFO | monitoring_service | 📂 Logging initialized → /logs/monitoring_service_20251015.log
2025-10-15 20:07:45 | WARNING | monitoring_service | ⚠️ Could not load config.yaml: ⚠️ Could not find config.yaml starting from /app
2025-10-15 20:07:45 | INFO | monitoring_service | ✅ Configuration loaded for Monitoring Service
2025-10-15 20:07:45 | INFO | monitoring_service | 🩺 Monitoring targets: ['data_service', 'strategy_service', 'execution_service', 'risk_service', 'auth_service']
2025-10-15 20:07:45 | INFO | monitoring_service | 🚀 Starting Monitoring Service...
2025-10-15 21:06:19 | INFO | monitoring_service | 📂 Logging initialized → /logs/monitoring_service_20251015.log
2025-10-15 21:06:19 | INFO | monitoring_service | ✅ Configuration loaded for Monitoring Service
2025-10-15 21:06:19 | INFO | monitoring_service | 🩺 Monitoring targets: ['data_service', 'strategy_service', 'execution_service', 'risk_service', 'auth_service']
2025-10-15 21:06:19 | INFO | monitoring_service | 🚀 Starting Monitoring Service...
2025-10-15 21:10:27 | INFO | monitoring_service | 📂 Logging initialized → /logs/monitoring_service_20251015.log
2025-10-15 21:10:27 | INFO | monitoring_service | ✅ Configuration loaded for Monitoring Service
2025-10-15 21:10:27 | INFO | monitoring_service | 🩺 Monitoring targets: ['data_service', 'strategy_service', 'execution_service', 'risk_service', 'auth_service']
2025-10-15 21:10:27 | INFO | monitoring_service | 🚀 Starting Monitoring Service...
2025-10-15 21:14:38 | INFO | monitoring_service | 📂 Logging initialized → /logs/monitoring_service_20251015.log
2025-10-15 21:14:38 | INFO | monitoring_service | ✅ Configuration loaded for Monitoring Service
2025-10-15 21:14:38 | INFO | monitoring_service | 🩺 Monitoring targets: ['data_service', 'strategy_service', 'execution_service', 'risk_service', 'auth_service']
2025-10-15 21:14:39 | INFO | monitoring_service | 🚀 Starting Monitoring Service...
2025-10-15 21:40:30 | INFO | monitoring_service | 📂 Logging initialized → /logs/monitoring_service_20251015.log
2025-10-15 21:40:30 | INFO | monitoring_service | ✅ Configuration loaded for Monitoring Service
2025-10-15 21:40:30 | INFO | monitoring_service | 🩺 Monitoring targets: ['data_service', 'strategy_service', 'execution_service', 'risk_service', 'auth_service']
2025-10-15 21:40:30 | INFO | monitoring_service | 🚀 Starting Monitoring Service...
2025-10-15 22:12:28 | INFO | monitoring_service | 📂 Logging initialized → /logs/monitoring_service_20251015.log
2025-10-15 22:12:28 | INFO | monitoring_service | ✅ Configuration loaded for Monitoring Service
2025-10-15 22:12:28 | INFO | monitoring_service | 🩺 Monitoring targets: ['data_service', 'strategy_service', 'execution_service', 'risk_service', 'auth_service']
2025-10-15 22:12:28 | INFO | monitoring_service | 🚀 Starting Monitoring Service...
2025-10-15 22:17:27 | INFO | monitoring_service | 📂 Logging initialized → /logs/monitoring_service_20251015.log
2025-10-15 22:17:27 | INFO | monitoring_service | ✅ Configuration loaded for Monitoring Service
2025-10-15 22:17:27 | INFO | monitoring_service | 🩺 Monitoring targets: ['data_service', 'strategy_service', 'execution_service', 'risk_service', 'auth_service']
2025-10-15 22:17:27 | INFO | monitoring_service | 🚀 Starting Monitoring Service...
2025-10-15 22:21:55 | INFO | monitoring_service | 📂 Logging initialized → /logs/monitoring_service_20251015.log
2025-10-15 22:21:55 | INFO | monitoring_service | ✅ Configuration loaded for Monitoring Service
2025-10-15 22:21:55 | INFO | monitoring_service | 🩺 Monitoring targets: ['data_service', 'strategy_service', 'execution_service', 'risk_service', 'auth_service']
2025-10-15 22:21:55 | INFO | monitoring_service | 🚀 Starting Monitoring Service...
2025-10-15 22:26:30 | INFO | monitoring_service | 📂 Logging initialized → /logs/monitoring_service_20251015.log
2025-10-15 22:26:30 | INFO | monitoring_service | ✅ Configuration loaded for Monitoring Service
2025-10-15 22:26:30 | INFO | monitoring_service | 🩺 Monitoring targets: ['data_service', 'strategy_service', 'execution_service', 'risk_service', 'auth_service']
2025-10-15 22:26:30 | INFO | monitoring_service | 🚀 Starting Monitoring Service...
2025-10-15 22:35:22 | INFO | monitoring_service | 📂 Logging initialized → /logs/monitoring_service_20251015.log
2025-10-15 22:35:22 | INFO | monitoring_service | ✅ Configuration loaded for Monitoring Service
2025-10-15 22:35:22 | INFO | monitoring_service | 🩺 Monitoring targets: ['data_service', 'strategy_service', 'execution_service', 'risk_service', 'auth_service']
2025-10-15 22:35:22 | INFO | monitoring_service | 🚀 Starting Monitoring Service...
2025-10-15 22:41:01 | INFO | monitoring_service | 📂 Logging initialized → /logs/monitoring_service_20251015.log
2025-10-15 22:41:01 | INFO | monitoring_service | ✅ Configuration loaded for Monitoring Service
2025-10-15 22:41:01 | INFO | monitoring_service | 🩺 Monitoring targets: ['data_service', 'strategy_service', 'execution_service', 'risk_service', 'auth_service']
2025-10-15 22:41:01 | INFO | monitoring_service | 🚀 Starting Monitoring Service...
2025-10-15 22:59:34 | INFO | monitoring_service | 📂 Logging initialized → /logs/monitoring_service_20251015.log
2025-10-15 22:59:34 | INFO | monitoring_service | ✅ [ENV] Loaded environment variables from /app/.env
2025-10-15 22:59:34 | INFO | monitoring_service | 🚀 [STARTUP] Token Refresher API starting up...
2025-10-15 22:59:34 | INFO | monitoring_service | 👀 [WATCHER] Watching for request_token updates every 30s...
2025-10-15 23:34:49 | INFO | monitoring_service | 🔗 [LOGIN] Generated Kite login URL.
2025-10-15 23:35:24 | INFO | monitoring_service | 🔑 [CALLBACK] Received request_token=zfzGYhjOzVtt9LiaM94PQ4abi4S4E4mO
2025-10-15 23:35:25 | ERROR | monitoring_service | 💥 [ENV] Failed to update KITE_REQUEST_TOKEN: [Errno 16] Device or resource busy: '/app/.env.tmp' -> '/app/.env'
Traceback (most recent call last):
  File "/app/token_refresher_api.py", line 86, in safe_update_env
    await aiofiles.os.replace(temp_path, ENV_PATH)
  File "/usr/local/lib/python3.12/site-packages/aiofiles/base.py", line 13, in run
    return await loop.run_in_executor(executor, pfunc)
           ^^^^^^^^^^^^^^^^^^^^^^^^^^^^^^^^^^^^^^^^^^^
  File "/usr/local/lib/python3.12/concurrent/futures/thread.py", line 59, in run
    result = self.fn(*self.args, **self.kwargs)
             ^^^^^^^^^^^^^^^^^^^^^^^^^^^^^^^^^^
OSError: [Errno 16] Device or resource busy: '/app/.env.tmp' -> '/app/.env'
2025-10-15 23:35:25 | ERROR | monitoring_service | 💥 [ENV] Failed to update KITE_ACCESS_TOKEN: [Errno 16] Device or resource busy: '/app/.env.tmp' -> '/app/.env'
Traceback (most recent call last):
  File "/app/token_refresher_api.py", line 86, in safe_update_env
    await aiofiles.os.replace(temp_path, ENV_PATH)
  File "/usr/local/lib/python3.12/site-packages/aiofiles/base.py", line 13, in run
    return await loop.run_in_executor(executor, pfunc)
           ^^^^^^^^^^^^^^^^^^^^^^^^^^^^^^^^^^^^^^^^^^^
  File "/usr/local/lib/python3.12/concurrent/futures/thread.py", line 59, in run
    result = self.fn(*self.args, **self.kwargs)
             ^^^^^^^^^^^^^^^^^^^^^^^^^^^^^^^^^^
OSError: [Errno 16] Device or resource busy: '/app/.env.tmp' -> '/app/.env'
2025-10-15 23:35:25 | INFO | monitoring_service | ✅ [TOKEN] Access & Refresh tokens generated and saved.
2025-10-15 23:35:29 | WARNING | monitoring_service | ⚠️ [RELOAD] Failed to notify ingestion: HTTPConnectionPool(host='data_service', port=8080): Max retries exceeded with url: /api/v1/reload (Caused by NameResolutionError("<urllib3.connection.HTTPConnection object at 0x7bcd708cb230>: Failed to resolve 'data_service' ([Errno -2] Name or service not known)"))
2025-10-15 23:37:50 | INFO | monitoring_service | 🪄 [WATCHER] Detected new KITE_REQUEST_TOKEN → regenerating token...
2025-10-15 23:37:50 | ERROR | monitoring_service | 💥 [TOKEN] Failed to generate access token
Traceback (most recent call last):
  File "/app/token_refresher_api.py", line 112, in generate_real_access_token
    session_data = kite.generate_session(request_token, api_secret=KITE_API_SECRET)
                   ^^^^^^^^^^^^^^^^^^^^^^^^^^^^^^^^^^^^^^^^^^^^^^^^^^^^^^^^^^^^^^^^
  File "/usr/local/lib/python3.12/site-packages/kiteconnect/connect.py", line 263, in generate_session
    resp = self._post("api.token", params={
           ^^^^^^^^^^^^^^^^^^^^^^^^^^^^^^^^
  File "/usr/local/lib/python3.12/site-packages/kiteconnect/connect.py", line 865, in _post
    return self._request(route, "POST", url_args=url_args, params=params, is_json=is_json, query_params=query_params)
           ^^^^^^^^^^^^^^^^^^^^^^^^^^^^^^^^^^^^^^^^^^^^^^^^^^^^^^^^^^^^^^^^^^^^^^^^^^^^^^^^^^^^^^^^^^^^^^^^^^^^^^^^^^
  File "/usr/local/lib/python3.12/site-packages/kiteconnect/connect.py", line 937, in _request
    raise exp(data["message"], code=r.status_code)
kiteconnect.exceptions.TokenException: Token is invalid or has expired.
2025-10-15 23:38:37 | INFO | monitoring_service | 🧹 [SHUTDOWN] Cleaning up background tasks...
2025-10-15 23:38:37 | INFO | monitoring_service | ✅ [EXIT] Token Refresher API shut down cleanly.
2025-10-15 23:38:39 | INFO | monitoring_service | 📂 Logging initialized → /logs/monitoring_service_20251015.log
2025-10-15 23:38:39 | INFO | monitoring_service | ✅ [ENV] Loaded environment variables from /app/.env
2025-10-15 23:38:39 | INFO | monitoring_service | 🚀 [STARTUP] Token Refresher API starting up...
2025-10-15 23:38:39 | INFO | monitoring_service | 👀 [WATCHER] Watching for request_token updates every 30s...
2025-10-15 23:47:32 | INFO | monitoring_service | 🧹 [SHUTDOWN] Cleaning up background tasks...
2025-10-15 23:47:32 | INFO | monitoring_service | ✅ [EXIT] Token Refresher API shut down cleanly.
2025-10-15 23:47:38 | INFO | monitoring_service | 📂 Logging initialized → /logs/monitoring_service_20251015.log
2025-10-15 23:47:38 | INFO | monitoring_service | ✅ Configuration loaded for Monitoring Service
2025-10-15 23:47:38 | INFO | monitoring_service | 🩺 Monitoring targets: ['data_service', 'strategy_service', 'execution_service', 'risk_service', 'auth_service']
2025-10-15 23:47:38 | INFO | monitoring_service | 🚀 Starting Monitoring Service...
2025-10-15 23:47:39 | INFO | monitoring_service | 📂 Logging initialized → /logs/monitoring_service_20251015.log
2025-10-15 23:47:39 | INFO | monitoring_service | ✅ [ENV] Loaded environment variables from /app/.env
2025-10-15 23:47:39 | INFO | monitoring_service | 🚀 [STARTUP] Token Refresher API starting up...
2025-10-15 23:47:39 | INFO | monitoring_service | 👀 [WATCHER] Watching for request_token updates every 30s...
2025-10-16 00:21:56 | INFO | monitoring_service | 🧹 [SHUTDOWN] Cleaning up background tasks...
2025-10-16 00:21:56 | INFO | monitoring_service | ✅ [EXIT] Token Refresher API shut down cleanly.
