2025-10-16 00:21:58 | INFO | monitoring_service | 📂 Logging initialized → /logs/monitoring_service_20251016.log
2025-10-16 00:21:58 | INFO | monitoring_service | ✅ Configuration loaded for Monitoring Service
2025-10-16 00:21:58 | INFO | monitoring_service | 🩺 Monitoring targets: ['data_service', 'strategy_service', 'execution_service', 'risk_service', 'auth_service']
2025-10-16 00:21:58 | INFO | monitoring_service | 🚀 Starting Monitoring Service...
2025-10-16 00:21:58 | INFO | monitoring_service | 📂 Logging initialized → /logs/monitoring_service_20251016.log
2025-10-16 00:21:58 | INFO | monitoring_service | ✅ [ENV] Loaded environment variables from /app/.env
2025-10-16 00:21:58 | INFO | monitoring_service | 🚀 [STARTUP] Token Refresher API starting up...
2025-10-16 00:21:58 | INFO | monitoring_service | 👀 [WATCHER] Watching for request_token updates every 30s...
2025-10-16 00:32:42 | INFO | monitoring_service | 📂 Logging initialized → /logs/monitoring_service_20251016.log
2025-10-16 00:32:42 | INFO | monitoring_service | ✅ Configuration loaded for Monitoring Service
2025-10-16 00:32:42 | INFO | monitoring_service | 🩺 Monitoring targets: ['data_service', 'strategy_service', 'execution_service', 'risk_service', 'auth_service']
2025-10-16 00:32:42 | INFO | monitoring_service | 🚀 Starting Monitoring Service...
2025-10-16 00:32:51 | INFO | monitoring_service | 🔗 [LOGIN] Generated Kite login URL.
2025-10-16 00:33:20 | INFO | monitoring_service | 🔑 [CALLBACK] Received request_token=6Ba2jBDmdIaZA4VglVSeeucDJKmyZjrT
2025-10-16 00:33:20 | ERROR | monitoring_service | 💥 [ENV] Failed to update KITE_REQUEST_TOKEN: [Errno 16] Device or resource busy: '/app/.env.tmp' -> '/app/.env'
Traceback (most recent call last):
  File "/app/token_refresher_api.py", line 86, in safe_update_env
    await aiofiles.os.replace(temp_path, ENV_PATH)
  File "/usr/local/lib/python3.12/site-packages/aiofiles/base.py", line 13, in run
    return await loop.run_in_executor(executor, pfunc)
           ^^^^^^^^^^^^^^^^^^^^^^^^^^^^^^^^^^^^^^^^^^^
  File "/usr/local/lib/python3.12/concurrent/futures/thread.py", line 59, in run
    result = self.fn(*self.args, **self.kwargs)
             ^^^^^^^^^^^^^^^^^^^^^^^^^^^^^^^^^^
OSError: [Errno 16] Device or resource busy: '/app/.env.tmp' -> '/app/.env'
2025-10-16 00:33:20 | ERROR | monitoring_service | 💥 [ENV] Failed to update KITE_ACCESS_TOKEN: [Errno 16] Device or resource busy: '/app/.env.tmp' -> '/app/.env'
Traceback (most recent call last):
  File "/app/token_refresher_api.py", line 86, in safe_update_env
    await aiofiles.os.replace(temp_path, ENV_PATH)
  File "/usr/local/lib/python3.12/site-packages/aiofiles/base.py", line 13, in run
    return await loop.run_in_executor(executor, pfunc)
           ^^^^^^^^^^^^^^^^^^^^^^^^^^^^^^^^^^^^^^^^^^^
  File "/usr/local/lib/python3.12/concurrent/futures/thread.py", line 59, in run
    result = self.fn(*self.args, **self.kwargs)
             ^^^^^^^^^^^^^^^^^^^^^^^^^^^^^^^^^^
OSError: [Errno 16] Device or resource busy: '/app/.env.tmp' -> '/app/.env'
2025-10-16 00:33:20 | INFO | monitoring_service | ✅ [TOKEN] Access & Refresh tokens generated and saved.
2025-10-16 00:33:20 | WARNING | monitoring_service | ⚠️ [RELOAD] Ingestion reload returned status 404
2025-10-16 00:33:57 | INFO | monitoring_service | 🧹 [SHUTDOWN] Cleaning up background tasks...
2025-10-16 00:33:57 | INFO | monitoring_service | ✅ [EXIT] Token Refresher API shut down cleanly.
2025-10-16 00:33:59 | INFO | monitoring_service | 📂 Logging initialized → /logs/monitoring_service_20251016.log
2025-10-16 00:33:59 | INFO | monitoring_service | ✅ Configuration loaded for Monitoring Service
2025-10-16 00:33:59 | INFO | monitoring_service | 🩺 Monitoring targets: ['data_service', 'strategy_service', 'execution_service', 'risk_service', 'auth_service']
2025-10-16 00:33:59 | INFO | monitoring_service | 🚀 Starting Monitoring Service...
2025-10-16 00:33:59 | INFO | monitoring_service | 📂 Logging initialized → /logs/monitoring_service_20251016.log
2025-10-16 00:33:59 | INFO | monitoring_service | ✅ [ENV] Loaded environment variables from /app/.env
2025-10-16 00:33:59 | INFO | monitoring_service | 🚀 [STARTUP] Token Refresher API starting up...
2025-10-16 00:33:59 | INFO | monitoring_service | 👀 [WATCHER] Watching for request_token updates every 30s...
2025-10-16 00:33:59 | INFO | monitoring_service | 🪄 [WATCHER] Detected new KITE_REQUEST_TOKEN → regenerating token...
2025-10-16 00:33:59 | ERROR | monitoring_service | 💥 [TOKEN] Failed to generate access token
Traceback (most recent call last):
  File "/app/token_refresher_api.py", line 112, in generate_real_access_token
    session_data = kite.generate_session(request_token, api_secret=KITE_API_SECRET)
                   ^^^^^^^^^^^^^^^^^^^^^^^^^^^^^^^^^^^^^^^^^^^^^^^^^^^^^^^^^^^^^^^^
  File "/usr/local/lib/python3.12/site-packages/kiteconnect/connect.py", line 263, in generate_session
    resp = self._post("api.token", params={
           ^^^^^^^^^^^^^^^^^^^^^^^^^^^^^^^^
  File "/usr/local/lib/python3.12/site-packages/kiteconnect/connect.py", line 865, in _post
    return self._request(route, "POST", url_args=url_args, params=params, is_json=is_json, query_params=query_params)
           ^^^^^^^^^^^^^^^^^^^^^^^^^^^^^^^^^^^^^^^^^^^^^^^^^^^^^^^^^^^^^^^^^^^^^^^^^^^^^^^^^^^^^^^^^^^^^^^^^^^^^^^^^^
  File "/usr/local/lib/python3.12/site-packages/kiteconnect/connect.py", line 937, in _request
    raise exp(data["message"], code=r.status_code)
kiteconnect.exceptions.TokenException: Token is invalid or has expired.
2025-10-16 00:34:50 | INFO | monitoring_service | 📂 Logging initialized → /logs/monitoring_service_20251016.log
2025-10-16 00:34:50 | INFO | monitoring_service | ✅ Configuration loaded for Monitoring Service
2025-10-16 00:34:50 | INFO | monitoring_service | 🩺 Monitoring targets: ['data_service', 'strategy_service', 'execution_service', 'risk_service', 'auth_service']
2025-10-16 00:34:50 | INFO | monitoring_service | 🚀 Starting Monitoring Service...
2025-10-16 00:35:04 | INFO | monitoring_service | 🪄 [WATCHER] Detected new KITE_REQUEST_TOKEN → regenerating token...
2025-10-16 00:35:05 | ERROR | monitoring_service | 💥 [TOKEN] Failed to generate access token
Traceback (most recent call last):
  File "/app/token_refresher_api.py", line 112, in generate_real_access_token
    session_data = kite.generate_session(request_token, api_secret=KITE_API_SECRET)
                   ^^^^^^^^^^^^^^^^^^^^^^^^^^^^^^^^^^^^^^^^^^^^^^^^^^^^^^^^^^^^^^^^
  File "/usr/local/lib/python3.12/site-packages/kiteconnect/connect.py", line 263, in generate_session
    resp = self._post("api.token", params={
           ^^^^^^^^^^^^^^^^^^^^^^^^^^^^^^^^
  File "/usr/local/lib/python3.12/site-packages/kiteconnect/connect.py", line 865, in _post
    return self._request(route, "POST", url_args=url_args, params=params, is_json=is_json, query_params=query_params)
           ^^^^^^^^^^^^^^^^^^^^^^^^^^^^^^^^^^^^^^^^^^^^^^^^^^^^^^^^^^^^^^^^^^^^^^^^^^^^^^^^^^^^^^^^^^^^^^^^^^^^^^^^^^
  File "/usr/local/lib/python3.12/site-packages/kiteconnect/connect.py", line 937, in _request
    raise exp(data["message"], code=r.status_code)
kiteconnect.exceptions.TokenException: Token is invalid or has expired.
2025-10-16 00:41:46 | INFO | monitoring_service | 🔗 [LOGIN] Generated Kite login URL.
2025-10-16 00:42:23 | INFO | monitoring_service | 🔑 [CALLBACK] Received request_token=eD3djs7WJkoZHIJhf7xoQ5z3UWrEf5xv
2025-10-16 00:42:23 | ERROR | monitoring_service | 💥 [ENV] Failed to update KITE_REQUEST_TOKEN: [Errno 16] Device or resource busy: '/app/.env.tmp' -> '/app/.env'
Traceback (most recent call last):
  File "/app/token_refresher_api.py", line 86, in safe_update_env
    await aiofiles.os.replace(temp_path, ENV_PATH)
  File "/usr/local/lib/python3.12/site-packages/aiofiles/base.py", line 13, in run
    return await loop.run_in_executor(executor, pfunc)
           ^^^^^^^^^^^^^^^^^^^^^^^^^^^^^^^^^^^^^^^^^^^
  File "/usr/local/lib/python3.12/concurrent/futures/thread.py", line 59, in run
    result = self.fn(*self.args, **self.kwargs)
             ^^^^^^^^^^^^^^^^^^^^^^^^^^^^^^^^^^
OSError: [Errno 16] Device or resource busy: '/app/.env.tmp' -> '/app/.env'
2025-10-16 00:42:23 | ERROR | monitoring_service | 💥 [ENV] Failed to update KITE_ACCESS_TOKEN: [Errno 16] Device or resource busy: '/app/.env.tmp' -> '/app/.env'
Traceback (most recent call last):
  File "/app/token_refresher_api.py", line 86, in safe_update_env
    await aiofiles.os.replace(temp_path, ENV_PATH)
  File "/usr/local/lib/python3.12/site-packages/aiofiles/base.py", line 13, in run
    return await loop.run_in_executor(executor, pfunc)
           ^^^^^^^^^^^^^^^^^^^^^^^^^^^^^^^^^^^^^^^^^^^
  File "/usr/local/lib/python3.12/concurrent/futures/thread.py", line 59, in run
    result = self.fn(*self.args, **self.kwargs)
             ^^^^^^^^^^^^^^^^^^^^^^^^^^^^^^^^^^
OSError: [Errno 16] Device or resource busy: '/app/.env.tmp' -> '/app/.env'
2025-10-16 00:42:23 | INFO | monitoring_service | ✅ [TOKEN] Access & Refresh tokens generated and saved.
2025-10-16 00:42:23 | WARNING | monitoring_service | ⚠️ [RELOAD] Ingestion reload returned status 404
2025-10-16 00:43:14 | INFO | monitoring_service | 🪄 [WATCHER] Detected new KITE_REQUEST_TOKEN → regenerating token...
2025-10-16 00:43:14 | ERROR | monitoring_service | 💥 [TOKEN] Failed to generate access token
Traceback (most recent call last):
  File "/app/token_refresher_api.py", line 112, in generate_real_access_token
    session_data = kite.generate_session(request_token, api_secret=KITE_API_SECRET)
                   ^^^^^^^^^^^^^^^^^^^^^^^^^^^^^^^^^^^^^^^^^^^^^^^^^^^^^^^^^^^^^^^^
  File "/usr/local/lib/python3.12/site-packages/kiteconnect/connect.py", line 263, in generate_session
    resp = self._post("api.token", params={
           ^^^^^^^^^^^^^^^^^^^^^^^^^^^^^^^^
  File "/usr/local/lib/python3.12/site-packages/kiteconnect/connect.py", line 865, in _post
    return self._request(route, "POST", url_args=url_args, params=params, is_json=is_json, query_params=query_params)
           ^^^^^^^^^^^^^^^^^^^^^^^^^^^^^^^^^^^^^^^^^^^^^^^^^^^^^^^^^^^^^^^^^^^^^^^^^^^^^^^^^^^^^^^^^^^^^^^^^^^^^^^^^^
  File "/usr/local/lib/python3.12/site-packages/kiteconnect/connect.py", line 937, in _request
    raise exp(data["message"], code=r.status_code)
kiteconnect.exceptions.TokenException: Token is invalid or has expired.
2025-10-16 00:45:17 | INFO | monitoring_service | 🧹 [SHUTDOWN] Cleaning up background tasks...
2025-10-16 00:45:17 | INFO | monitoring_service | ✅ [EXIT] Token Refresher API shut down cleanly.
2025-10-16 00:45:19 | INFO | monitoring_service | 📂 Logging initialized → /logs/monitoring_service_20251016.log
2025-10-16 00:45:19 | INFO | monitoring_service | ✅ Configuration loaded for Monitoring Service
2025-10-16 00:45:19 | INFO | monitoring_service | 🩺 Monitoring targets: ['data_service', 'strategy_service', 'execution_service', 'risk_service', 'auth_service']
2025-10-16 00:45:19 | INFO | monitoring_service | 🚀 Starting Monitoring Service...
2025-10-16 00:45:19 | INFO | monitoring_service | 📂 Logging initialized → /logs/monitoring_service_20251016.log
2025-10-16 00:45:19 | INFO | monitoring_service | ✅ [ENV] Loaded environment variables from /app/.env
2025-10-16 00:45:19 | INFO | monitoring_service | 🚀 [STARTUP] Token Refresher API starting up...
2025-10-16 00:45:19 | INFO | monitoring_service | 👀 [WATCHER] Watching for request_token updates every 30s...
2025-10-16 01:48:16 | INFO | monitoring_service | 🧹 [SHUTDOWN] Cleaning up background tasks...
2025-10-16 01:48:16 | INFO | monitoring_service | ✅ [EXIT] Token Refresher API shut down cleanly.
2025-10-16 01:48:18 | INFO | monitoring_service | 📂 Logging initialized → /logs/monitoring_service_20251016.log
2025-10-16 01:48:18 | INFO | monitoring_service | ✅ Configuration loaded for Monitoring Service
2025-10-16 01:48:18 | INFO | monitoring_service | 🩺 Monitoring targets: ['data_service', 'strategy_service', 'execution_service', 'risk_service', 'auth_service']
2025-10-16 01:48:18 | INFO | monitoring_service | 🚀 Starting Monitoring Service...
2025-10-16 01:48:19 | INFO | monitoring_service | 📂 Logging initialized → /logs/monitoring_service_20251016.log
2025-10-16 01:48:19 | INFO | monitoring_service | ✅ [ENV] Loaded environment variables from /app/.env
2025-10-16 01:48:19 | INFO | monitoring_service | 🚀 [STARTUP] Token Refresher API starting up...
2025-10-16 01:48:19 | INFO | monitoring_service | 👀 [WATCHER] Watching for request_token updates every 30s...
2025-10-16 02:53:45 | INFO | monitoring_service | 🧹 [SHUTDOWN] Cleaning up background tasks...
2025-10-16 02:53:45 | INFO | monitoring_service | ✅ [EXIT] Token Refresher API shut down cleanly.
2025-10-16 02:53:47 | INFO | monitoring_service | 📂 Logging initialized → /logs/monitoring_service_20251016.log
2025-10-16 02:53:47 | INFO | monitoring_service | ✅ Configuration loaded for Monitoring Service
2025-10-16 02:53:47 | INFO | monitoring_service | 🩺 Monitoring targets: ['data_service', 'strategy_service', 'execution_service', 'risk_service', 'auth_service']
2025-10-16 02:53:47 | INFO | monitoring_service | 🚀 Starting Monitoring Service...
2025-10-16 02:53:47 | INFO | monitoring_service | 📂 Logging initialized → /logs/monitoring_service_20251016.log
2025-10-16 02:53:47 | INFO | monitoring_service | ✅ [ENV] Loaded environment variables from /app/.env
2025-10-16 02:53:47 | INFO | monitoring_service | 🚀 [STARTUP] Token Refresher API starting up...
2025-10-16 02:53:47 | INFO | monitoring_service | 👀 [WATCHER] Watching for request_token updates every 30s...
2025-10-16 02:57:08 | INFO | monitoring_service | 🧹 [SHUTDOWN] Cleaning up background tasks...
2025-10-16 02:57:08 | INFO | monitoring_service | ✅ [EXIT] Token Refresher API shut down cleanly.
2025-10-16 02:57:09 | INFO | monitoring_service | 📂 Logging initialized → /logs/monitoring_service_20251016.log
2025-10-16 02:57:09 | INFO | monitoring_service | ✅ Configuration loaded for Monitoring Service
2025-10-16 02:57:09 | INFO | monitoring_service | 🩺 Monitoring targets: ['data_service', 'strategy_service', 'execution_service', 'risk_service', 'auth_service']
2025-10-16 02:57:09 | INFO | monitoring_service | 🚀 Starting Monitoring Service...
2025-10-16 02:57:10 | INFO | monitoring_service | 📂 Logging initialized → /logs/monitoring_service_20251016.log
2025-10-16 02:57:10 | INFO | monitoring_service | ✅ [ENV] Loaded environment variables from /app/.env
2025-10-16 02:57:10 | INFO | monitoring_service | 🚀 [STARTUP] Token Refresher API starting up...
2025-10-16 02:57:10 | INFO | monitoring_service | 👀 [WATCHER] Watching for request_token updates every 30s...
2025-10-16 03:01:41 | INFO | monitoring_service | 🧹 [SHUTDOWN] Cleaning up background tasks...
2025-10-16 03:01:41 | INFO | monitoring_service | ✅ [EXIT] Token Refresher API shut down cleanly.
2025-10-16 03:01:43 | INFO | monitoring_service | 📂 Logging initialized → /logs/monitoring_service_20251016.log
2025-10-16 03:01:43 | INFO | monitoring_service | ✅ Configuration loaded for Monitoring Service
2025-10-16 03:01:43 | INFO | monitoring_service | 🩺 Monitoring targets: ['data_service', 'strategy_service', 'execution_service', 'risk_service', 'auth_service']
2025-10-16 03:01:43 | INFO | monitoring_service | 🚀 Starting Monitoring Service...
2025-10-16 03:01:43 | INFO | monitoring_service | 📂 Logging initialized → /logs/monitoring_service_20251016.log
2025-10-16 03:01:43 | INFO | monitoring_service | ✅ [ENV] Loaded environment variables from /app/.env
2025-10-16 03:01:43 | INFO | monitoring_service | 🚀 [STARTUP] Token Refresher API starting up...
2025-10-16 03:01:43 | INFO | monitoring_service | 👀 [WATCHER] Watching for request_token updates every 30s...
2025-10-16 03:03:32 | INFO | monitoring_service | 🧹 [SHUTDOWN] Cleaning up background tasks...
2025-10-16 03:03:32 | INFO | monitoring_service | ✅ [EXIT] Token Refresher API shut down cleanly.
2025-10-16 03:03:33 | INFO | monitoring_service | 📂 Logging initialized → /logs/monitoring_service_20251016.log
2025-10-16 03:03:33 | INFO | monitoring_service | ✅ Configuration loaded for Monitoring Service
2025-10-16 03:03:33 | INFO | monitoring_service | 🩺 Monitoring targets: ['data_service', 'strategy_service', 'execution_service', 'risk_service', 'auth_service']
2025-10-16 03:03:33 | INFO | monitoring_service | 🚀 Starting Monitoring Service...
2025-10-16 03:03:33 | INFO | monitoring_service | 📂 Logging initialized → /logs/monitoring_service_20251016.log
2025-10-16 03:03:33 | INFO | monitoring_service | ✅ [ENV] Loaded environment variables from /app/.env
2025-10-16 03:03:33 | INFO | monitoring_service | 🚀 [STARTUP] Token Refresher API starting up...
2025-10-16 03:03:33 | INFO | monitoring_service | 👀 [WATCHER] Watching for request_token updates every 30s...
2025-10-16 03:13:39 | INFO | monitoring_service | 🧹 [SHUTDOWN] Cleaning up background tasks...
2025-10-16 03:13:39 | INFO | monitoring_service | ✅ [EXIT] Token Refresher API shut down cleanly.
2025-10-16 03:13:41 | INFO | monitoring_service | 📂 Logging initialized → /logs/monitoring_service_20251016.log
2025-10-16 03:13:41 | INFO | monitoring_service | ✅ Configuration loaded for Monitoring Service
2025-10-16 03:13:41 | INFO | monitoring_service | 🩺 Monitoring targets: ['data_service', 'strategy_service', 'execution_service', 'risk_service', 'auth_service']
2025-10-16 03:13:41 | INFO | monitoring_service | 🚀 Starting Monitoring Service...
2025-10-16 03:13:41 | INFO | monitoring_service | 📂 Logging initialized → /logs/monitoring_service_20251016.log
2025-10-16 03:13:41 | INFO | monitoring_service | ✅ [ENV] Loaded environment variables from /app/.env
2025-10-16 03:13:41 | INFO | monitoring_service | 🚀 [STARTUP] Token Refresher API starting up...
2025-10-16 03:13:41 | INFO | monitoring_service | 👀 [WATCHER] Watching for request_token updates every 30s...
2025-10-16 08:25:24 | INFO | monitoring_service | 🧹 [SHUTDOWN] Cleaning up background tasks...
2025-10-16 08:25:24 | INFO | monitoring_service | ✅ [EXIT] Token Refresher API shut down cleanly.
2025-10-16 08:25:26 | INFO | monitoring_service | 📂 Logging initialized → /logs/monitoring_service_20251016.log
2025-10-16 08:25:26 | INFO | monitoring_service | ✅ Configuration loaded for Monitoring Service
2025-10-16 08:25:26 | INFO | monitoring_service | 🩺 Monitoring targets: ['data_service', 'strategy_service', 'execution_service', 'risk_service', 'auth_service']
2025-10-16 08:25:27 | INFO | monitoring_service | 🚀 Starting Monitoring Service...
2025-10-16 08:25:27 | INFO | monitoring_service | 📂 Logging initialized → /logs/monitoring_service_20251016.log
2025-10-16 08:25:27 | INFO | monitoring_service | ✅ [ENV] Loaded environment variables from /app/.env
2025-10-16 08:25:27 | INFO | monitoring_service | 🚀 [STARTUP] Token Refresher API starting up...
2025-10-16 08:25:27 | INFO | monitoring_service | 👀 [WATCHER] Watching for request_token updates every 30s...
2025-10-16 08:30:25 | INFO | monitoring_service | 🧹 [SHUTDOWN] Cleaning up background tasks...
2025-10-16 08:30:25 | INFO | monitoring_service | ✅ [EXIT] Token Refresher API shut down cleanly.
2025-10-16 08:30:27 | INFO | monitoring_service | 📂 Logging initialized → /logs/monitoring_service_20251016.log
2025-10-16 08:30:27 | INFO | monitoring_service | ✅ Configuration loaded for Monitoring Service
2025-10-16 08:30:27 | INFO | monitoring_service | 🩺 Monitoring targets: ['data_service', 'strategy_service', 'execution_service', 'risk_service', 'auth_service']
2025-10-16 08:30:27 | INFO | monitoring_service | 🚀 Starting Monitoring Service...
2025-10-16 08:30:28 | INFO | monitoring_service | 📂 Logging initialized → /logs/monitoring_service_20251016.log
2025-10-16 08:30:28 | INFO | monitoring_service | ✅ [ENV] Loaded environment variables from /app/.env
2025-10-16 08:30:28 | INFO | monitoring_service | 🚀 [STARTUP] Token Refresher API starting up...
2025-10-16 08:30:28 | INFO | monitoring_service | 👀 [WATCHER] Watching for request_token updates every 30s...
2025-10-16 08:31:30 | INFO | monitoring_service | 🔗 [LOGIN] Generated Kite login URL.
2025-10-16 08:32:44 | INFO | monitoring_service | 🔑 [CALLBACK] Received request_token=zLSrvXyoeTDV3CyEFnJLh5bxDMsqUPWV
2025-10-16 08:32:44 | ERROR | monitoring_service | 💥 [ENV] Failed to update KITE_REQUEST_TOKEN: [Errno 16] Device or resource busy: '/app/.env.tmp' -> '/app/.env'
Traceback (most recent call last):
  File "/app/token_refresher_api.py", line 94, in safe_update_env
    await aiofiles.os.replace(temp_path, ENV_PATH)
  File "/usr/local/lib/python3.12/site-packages/aiofiles/base.py", line 13, in run
    return await loop.run_in_executor(executor, pfunc)
           ^^^^^^^^^^^^^^^^^^^^^^^^^^^^^^^^^^^^^^^^^^^
  File "/usr/local/lib/python3.12/concurrent/futures/thread.py", line 59, in run
    result = self.fn(*self.args, **self.kwargs)
             ^^^^^^^^^^^^^^^^^^^^^^^^^^^^^^^^^^
OSError: [Errno 16] Device or resource busy: '/app/.env.tmp' -> '/app/.env'
2025-10-16 08:32:44 | ERROR | monitoring_service | 💥 [ENV] Failed to update KITE_ACCESS_TOKEN: [Errno 16] Device or resource busy: '/app/.env.tmp' -> '/app/.env'
Traceback (most recent call last):
  File "/app/token_refresher_api.py", line 94, in safe_update_env
    await aiofiles.os.replace(temp_path, ENV_PATH)
  File "/usr/local/lib/python3.12/site-packages/aiofiles/base.py", line 13, in run
    return await loop.run_in_executor(executor, pfunc)
           ^^^^^^^^^^^^^^^^^^^^^^^^^^^^^^^^^^^^^^^^^^^
  File "/usr/local/lib/python3.12/concurrent/futures/thread.py", line 59, in run
    result = self.fn(*self.args, **self.kwargs)
             ^^^^^^^^^^^^^^^^^^^^^^^^^^^^^^^^^^
OSError: [Errno 16] Device or resource busy: '/app/.env.tmp' -> '/app/.env'
2025-10-16 08:32:44 | INFO | monitoring_service | ✅ [TOKEN] Access & Refresh tokens generated and saved.
2025-10-16 08:32:44 | WARNING | monitoring_service | ⚠️ [RELOAD] Ingestion reload returned status 404
2025-10-16 08:33:13 | INFO | monitoring_service | 🪄 [WATCHER] Detected new KITE_REQUEST_TOKEN → regenerating token...
2025-10-16 08:33:13 | ERROR | monitoring_service | 💥 [TOKEN] Failed to generate access token
Traceback (most recent call last):
  File "/app/token_refresher_api.py", line 120, in generate_real_access_token
    session_data = kite.generate_session(request_token, api_secret=KITE_API_SECRET)
                   ^^^^^^^^^^^^^^^^^^^^^^^^^^^^^^^^^^^^^^^^^^^^^^^^^^^^^^^^^^^^^^^^
  File "/usr/local/lib/python3.12/site-packages/kiteconnect/connect.py", line 263, in generate_session
    resp = self._post("api.token", params={
           ^^^^^^^^^^^^^^^^^^^^^^^^^^^^^^^^
  File "/usr/local/lib/python3.12/site-packages/kiteconnect/connect.py", line 865, in _post
    return self._request(route, "POST", url_args=url_args, params=params, is_json=is_json, query_params=query_params)
           ^^^^^^^^^^^^^^^^^^^^^^^^^^^^^^^^^^^^^^^^^^^^^^^^^^^^^^^^^^^^^^^^^^^^^^^^^^^^^^^^^^^^^^^^^^^^^^^^^^^^^^^^^^
  File "/usr/local/lib/python3.12/site-packages/kiteconnect/connect.py", line 937, in _request
    raise exp(data["message"], code=r.status_code)
kiteconnect.exceptions.TokenException: Token is invalid or has expired.
2025-10-16 08:33:47 | INFO | monitoring_service | 🪄 [WATCHER] Detected new KITE_REQUEST_TOKEN → regenerating token...
2025-10-16 08:33:47 | ERROR | monitoring_service | 💥 [TOKEN] Failed to generate access token
Traceback (most recent call last):
  File "/app/token_refresher_api.py", line 120, in generate_real_access_token
    session_data = kite.generate_session(request_token, api_secret=KITE_API_SECRET)
                   ^^^^^^^^^^^^^^^^^^^^^^^^^^^^^^^^^^^^^^^^^^^^^^^^^^^^^^^^^^^^^^^^
  File "/usr/local/lib/python3.12/site-packages/kiteconnect/connect.py", line 263, in generate_session
    resp = self._post("api.token", params={
           ^^^^^^^^^^^^^^^^^^^^^^^^^^^^^^^^
  File "/usr/local/lib/python3.12/site-packages/kiteconnect/connect.py", line 865, in _post
    return self._request(route, "POST", url_args=url_args, params=params, is_json=is_json, query_params=query_params)
           ^^^^^^^^^^^^^^^^^^^^^^^^^^^^^^^^^^^^^^^^^^^^^^^^^^^^^^^^^^^^^^^^^^^^^^^^^^^^^^^^^^^^^^^^^^^^^^^^^^^^^^^^^^
  File "/usr/local/lib/python3.12/site-packages/kiteconnect/connect.py", line 937, in _request
    raise exp(data["message"], code=r.status_code)
kiteconnect.exceptions.TokenException: Token is invalid or has expired.
2025-10-16 08:33:54 | INFO | monitoring_service | 🧹 [SHUTDOWN] Cleaning up background tasks...
2025-10-16 08:33:54 | INFO | monitoring_service | ✅ [EXIT] Token Refresher API shut down cleanly.
2025-10-16 08:33:56 | INFO | monitoring_service | 📂 Logging initialized → /logs/monitoring_service_20251016.log
2025-10-16 08:33:56 | INFO | monitoring_service | ✅ Configuration loaded for Monitoring Service
2025-10-16 08:33:56 | INFO | monitoring_service | 🩺 Monitoring targets: ['data_service', 'strategy_service', 'execution_service', 'risk_service', 'auth_service']
2025-10-16 08:33:56 | INFO | monitoring_service | 🚀 Starting Monitoring Service...
2025-10-16 08:33:57 | INFO | monitoring_service | 📂 Logging initialized → /logs/monitoring_service_20251016.log
2025-10-16 08:33:57 | INFO | monitoring_service | ✅ [ENV] Loaded environment variables from /app/.env
2025-10-16 08:33:57 | INFO | monitoring_service | 🚀 [STARTUP] Token Refresher API starting up...
2025-10-16 08:33:57 | INFO | monitoring_service | 👀 [WATCHER] Watching for request_token updates every 30s...
2025-10-16 08:40:41 | INFO | monitoring_service | 🧹 [SHUTDOWN] Cleaning up background tasks...
2025-10-16 08:40:41 | INFO | monitoring_service | ✅ [EXIT] Token Refresher API shut down cleanly.
2025-10-16 08:40:43 | INFO | monitoring_service | 📂 Logging initialized → /logs/monitoring_service_20251016.log
2025-10-16 08:40:43 | INFO | monitoring_service | ✅ Configuration loaded for Monitoring Service
2025-10-16 08:40:43 | INFO | monitoring_service | 🩺 Monitoring targets: ['data_service', 'strategy_service', 'execution_service', 'risk_service', 'auth_service']
2025-10-16 08:40:43 | INFO | monitoring_service | 🚀 Starting Monitoring Service...
2025-10-16 08:40:43 | INFO | monitoring_service | 📂 Logging initialized → /logs/monitoring_service_20251016.log
2025-10-16 08:40:43 | INFO | monitoring_service | ✅ [ENV] Loaded environment variables from /app/.env
2025-10-16 08:40:43 | INFO | monitoring_service | 🚀 [STARTUP] Token Refresher API starting up...
2025-10-16 08:40:43 | INFO | monitoring_service | 👀 [WATCHER] Watching for request_token updates every 30s...
2025-10-16 08:45:41 | INFO | monitoring_service | 🧹 [SHUTDOWN] Cleaning up background tasks...
2025-10-16 08:45:41 | INFO | monitoring_service | ✅ [EXIT] Token Refresher API shut down cleanly.
2025-10-16 08:45:42 | INFO | monitoring_service | 📂 Logging initialized → /logs/monitoring_service_20251016.log
2025-10-16 08:45:42 | INFO | monitoring_service | ✅ Configuration loaded for Monitoring Service
2025-10-16 08:45:42 | INFO | monitoring_service | 🩺 Monitoring targets: ['data_service', 'strategy_service', 'execution_service', 'risk_service', 'auth_service']
2025-10-16 08:45:42 | INFO | monitoring_service | 🚀 Starting Monitoring Service...
2025-10-16 08:45:43 | INFO | monitoring_service | 📂 Logging initialized → /logs/monitoring_service_20251016.log
2025-10-16 08:45:43 | INFO | monitoring_service | ✅ [ENV] Loaded environment variables from /app/.env
2025-10-16 08:45:43 | INFO | monitoring_service | 🚀 [STARTUP] Token Refresher API starting up...
2025-10-16 08:45:43 | INFO | monitoring_service | 👀 [WATCHER] Watching for request_token updates every 30s...
2025-10-16 08:47:55 | INFO | monitoring_service | 🧹 [SHUTDOWN] Cleaning up background tasks...
2025-10-16 08:47:55 | INFO | monitoring_service | ✅ [EXIT] Token Refresher API shut down cleanly.
2025-10-16 08:47:56 | INFO | monitoring_service | 📂 Logging initialized → /logs/monitoring_service_20251016.log
2025-10-16 08:47:56 | INFO | monitoring_service | ✅ Configuration loaded for Monitoring Service
2025-10-16 08:47:56 | INFO | monitoring_service | 🩺 Monitoring targets: ['data_service', 'strategy_service', 'execution_service', 'risk_service', 'auth_service']
2025-10-16 08:47:56 | INFO | monitoring_service | 🚀 Starting Monitoring Service...
2025-10-16 08:47:56 | INFO | monitoring_service | 📂 Logging initialized → /logs/monitoring_service_20251016.log
2025-10-16 08:47:56 | INFO | monitoring_service | ✅ [ENV] Loaded environment variables from /app/.env
2025-10-16 08:47:56 | INFO | monitoring_service | 🚀 [STARTUP] Token Refresher API starting up...
2025-10-16 08:47:56 | INFO | monitoring_service | 👀 [WATCHER] Watching for request_token updates every 30s...
2025-10-16 08:52:07 | INFO | monitoring_service | 🧹 [SHUTDOWN] Cleaning up background tasks...
2025-10-16 08:52:07 | INFO | monitoring_service | ✅ [EXIT] Token Refresher API shut down cleanly.
2025-10-16 08:52:09 | INFO | monitoring_service | 📂 Logging initialized → /logs/monitoring_service_20251016.log
2025-10-16 08:52:09 | INFO | monitoring_service | ✅ Configuration loaded for Monitoring Service
2025-10-16 08:52:09 | INFO | monitoring_service | 🩺 Monitoring targets: ['data_service', 'strategy_service', 'execution_service', 'risk_service', 'auth_service']
2025-10-16 08:52:09 | INFO | monitoring_service | 🚀 Starting Monitoring Service...
2025-10-16 08:52:09 | INFO | monitoring_service | 📂 Logging initialized → /logs/monitoring_service_20251016.log
2025-10-16 08:52:09 | INFO | monitoring_service | ✅ [ENV] Loaded environment variables from /app/.env
2025-10-16 08:52:09 | INFO | monitoring_service | 🚀 [STARTUP] Token Refresher API starting up...
2025-10-16 08:52:09 | INFO | monitoring_service | 👀 [WATCHER] Watching for request_token updates every 30s...
2025-10-16 08:53:44 | INFO | monitoring_service | 🧹 [SHUTDOWN] Cleaning up background tasks...
2025-10-16 08:53:44 | INFO | monitoring_service | ✅ [EXIT] Token Refresher API shut down cleanly.
2025-10-16 08:53:45 | INFO | monitoring_service | 📂 Logging initialized → /logs/monitoring_service_20251016.log
2025-10-16 08:53:45 | INFO | monitoring_service | ✅ Configuration loaded for Monitoring Service
2025-10-16 08:53:45 | INFO | monitoring_service | 🩺 Monitoring targets: ['data_service', 'strategy_service', 'execution_service', 'risk_service', 'auth_service']
2025-10-16 08:53:45 | INFO | monitoring_service | 🚀 Starting Monitoring Service...
2025-10-16 08:53:45 | INFO | monitoring_service | 📂 Logging initialized → /logs/monitoring_service_20251016.log
2025-10-16 08:53:45 | INFO | monitoring_service | ✅ [ENV] Loaded environment variables from /app/.env
2025-10-16 08:53:45 | INFO | monitoring_service | 🚀 [STARTUP] Token Refresher API starting up...
2025-10-16 08:53:45 | INFO | monitoring_service | 👀 [WATCHER] Watching for request_token updates every 30s...
2025-10-16 08:58:43 | INFO | monitoring_service | 🧹 [SHUTDOWN] Cleaning up background tasks...
2025-10-16 08:58:43 | INFO | monitoring_service | ✅ [EXIT] Token Refresher API shut down cleanly.
2025-10-16 08:58:45 | INFO | monitoring_service | 📂 Logging initialized → /logs/monitoring_service_20251016.log
2025-10-16 08:58:45 | INFO | monitoring_service | ✅ Configuration loaded for Monitoring Service
2025-10-16 08:58:45 | INFO | monitoring_service | 🩺 Monitoring targets: ['data_service', 'strategy_service', 'execution_service', 'risk_service', 'auth_service']
2025-10-16 08:58:45 | INFO | monitoring_service | 🚀 Starting Monitoring Service...
2025-10-16 08:58:46 | INFO | monitoring_service | 📂 Logging initialized → /logs/monitoring_service_20251016.log
2025-10-16 08:58:46 | INFO | monitoring_service | ✅ [ENV] Loaded environment variables from /app/.env
2025-10-16 08:58:46 | INFO | monitoring_service | 🚀 [STARTUP] Token Refresher API starting up...
2025-10-16 08:58:46 | INFO | monitoring_service | 👀 [WATCHER] Watching for request_token updates every 30s...
2025-10-16 09:09:30 | INFO | monitoring_service | 🧹 [SHUTDOWN] Cleaning up background tasks...
2025-10-16 09:09:30 | INFO | monitoring_service | ✅ [EXIT] Token Refresher API shut down cleanly.
2025-10-16 09:09:31 | INFO | monitoring_service | 📂 Logging initialized → /logs/monitoring_service_20251016.log
2025-10-16 09:09:31 | INFO | monitoring_service | ✅ Configuration loaded for Monitoring Service
2025-10-16 09:09:31 | INFO | monitoring_service | 🩺 Monitoring targets: ['data_service', 'strategy_service', 'execution_service', 'risk_service', 'auth_service']
2025-10-16 09:09:31 | INFO | monitoring_service | 🚀 Starting Monitoring Service...
2025-10-16 09:09:32 | INFO | monitoring_service | 📂 Logging initialized → /logs/monitoring_service_20251016.log
2025-10-16 09:09:32 | INFO | monitoring_service | ✅ [ENV] Loaded environment variables from /app/.env
2025-10-16 09:09:32 | INFO | monitoring_service | 🚀 [STARTUP] Token Refresher API starting up...
2025-10-16 09:09:32 | INFO | monitoring_service | 👀 [WATCHER] Watching for request_token updates every 30s...
2025-10-16 09:12:25 | INFO | monitoring_service | 🧹 [SHUTDOWN] Cleaning up background tasks...
2025-10-16 09:12:25 | INFO | monitoring_service | ✅ [EXIT] Token Refresher API shut down cleanly.
2025-10-16 09:12:27 | INFO | monitoring_service | 📂 Logging initialized → /logs/monitoring_service_20251016.log
2025-10-16 09:12:27 | INFO | monitoring_service | ✅ Configuration loaded for Monitoring Service
2025-10-16 09:12:27 | INFO | monitoring_service | 🩺 Monitoring targets: ['data_service', 'strategy_service', 'execution_service', 'risk_service', 'auth_service']
2025-10-16 09:12:27 | INFO | monitoring_service | 🚀 Starting Monitoring Service...
2025-10-16 09:12:27 | INFO | monitoring_service | 📂 Logging initialized → /logs/monitoring_service_20251016.log
2025-10-16 09:12:27 | INFO | monitoring_service | ✅ [ENV] Loaded environment variables from /app/.env
2025-10-16 09:12:27 | INFO | monitoring_service | 🚀 [STARTUP] Token Refresher API starting up...
2025-10-16 09:12:27 | INFO | monitoring_service | 👀 [WATCHER] Watching for request_token updates every 30s...
2025-10-16 09:21:40 | INFO | monitoring_service | 🧹 [SHUTDOWN] Cleaning up background tasks...
2025-10-16 09:21:40 | INFO | monitoring_service | ✅ [EXIT] Token Refresher API shut down cleanly.
2025-10-16 09:21:41 | INFO | monitoring_service | 📂 Logging initialized → /logs/monitoring_service_20251016.log
2025-10-16 09:21:41 | INFO | monitoring_service | ✅ Configuration loaded for Monitoring Service
2025-10-16 09:21:41 | INFO | monitoring_service | 🩺 Monitoring targets: ['data_service', 'strategy_service', 'execution_service', 'risk_service', 'auth_service']
2025-10-16 09:21:41 | INFO | monitoring_service | 🚀 Starting Monitoring Service...
2025-10-16 09:21:42 | INFO | monitoring_service | 📂 Logging initialized → /logs/monitoring_service_20251016.log
2025-10-16 09:21:42 | INFO | monitoring_service | ✅ [ENV] Loaded environment variables from /app/.env
2025-10-16 09:21:42 | INFO | monitoring_service | 🚀 [STARTUP] Token Refresher API starting up...
2025-10-16 09:21:42 | INFO | monitoring_service | 👀 [WATCHER] Watching for request_token updates every 30s...
2025-10-16 09:26:38 | INFO | monitoring_service | 🧹 [SHUTDOWN] Cleaning up background tasks...
2025-10-16 09:26:38 | INFO | monitoring_service | ✅ [EXIT] Token Refresher API shut down cleanly.
2025-10-16 09:26:40 | INFO | monitoring_service | 📂 Logging initialized → /logs/monitoring_service_20251016.log
2025-10-16 09:26:40 | INFO | monitoring_service | ✅ Configuration loaded for Monitoring Service
2025-10-16 09:26:40 | INFO | monitoring_service | 🩺 Monitoring targets: ['data_service', 'strategy_service', 'execution_service', 'risk_service', 'auth_service']
2025-10-16 09:26:40 | INFO | monitoring_service | 🚀 Starting Monitoring Service...
2025-10-16 09:26:40 | INFO | monitoring_service | 📂 Logging initialized → /logs/monitoring_service_20251016.log
2025-10-16 09:26:40 | INFO | monitoring_service | ✅ [ENV] Loaded environment variables from /app/.env
2025-10-16 09:26:40 | INFO | monitoring_service | 🚀 [STARTUP] Token Refresher API starting up...
2025-10-16 09:26:40 | INFO | monitoring_service | 👀 [WATCHER] Watching for request_token updates every 30s...
2025-10-16 09:31:38 | INFO | monitoring_service | 🧹 [SHUTDOWN] Cleaning up background tasks...
2025-10-16 09:31:38 | INFO | monitoring_service | ✅ [EXIT] Token Refresher API shut down cleanly.
2025-10-16 09:31:43 | INFO | monitoring_service | 📂 Logging initialized → /logs/monitoring_service_20251016.log
2025-10-16 09:31:43 | INFO | monitoring_service | ✅ Configuration loaded for Monitoring Service
2025-10-16 09:31:43 | INFO | monitoring_service | 🩺 Monitoring targets: ['data_service', 'strategy_service', 'execution_service', 'risk_service', 'auth_service']
2025-10-16 09:31:43 | INFO | monitoring_service | 🚀 Starting Monitoring Service...
2025-10-16 09:31:43 | INFO | monitoring_service | 📂 Logging initialized → /logs/monitoring_service_20251016.log
2025-10-16 09:31:43 | INFO | monitoring_service | ✅ [ENV] Loaded environment variables from /app/.env
2025-10-16 09:31:43 | INFO | monitoring_service | 🚀 [STARTUP] Token Refresher API starting up...
2025-10-16 09:31:43 | INFO | monitoring_service | 👀 [WATCHER] Watching for request_token updates every 30s...
2025-10-16 11:01:04 | INFO | monitoring_service | 🧹 [SHUTDOWN] Cleaning up background tasks...
2025-10-16 11:01:04 | INFO | monitoring_service | ✅ [EXIT] Token Refresher API shut down cleanly.
2025-10-16 11:08:11 | INFO | monitoring_service | 📂 Logging initialized → /logs/monitoring_service_20251016.log
2025-10-16 11:08:11 | INFO | monitoring_service | ✅ Configuration loaded for Monitoring Service
2025-10-16 11:08:11 | INFO | monitoring_service | 🩺 Monitoring targets: ['data_service', 'strategy_service', 'execution_service', 'risk_service', 'auth_service']
2025-10-16 11:08:11 | INFO | monitoring_service | 🚀 Starting Monitoring Service...
2025-10-16 11:08:12 | INFO | monitoring_service | 📂 Logging initialized → /logs/monitoring_service_20251016.log
2025-10-16 11:08:12 | INFO | monitoring_service | ✅ [ENV] Loaded environment variables from /app/.env
2025-10-16 11:08:12 | INFO | monitoring_service | 🚀 [STARTUP] Token Refresher API starting up...
2025-10-16 11:08:12 | INFO | monitoring_service | 👀 [WATCHER] Watching for request_token updates every 30s...
2025-10-16 11:28:45 | INFO | monitoring_service | 🧹 [SHUTDOWN] Cleaning up background tasks...
2025-10-16 11:28:45 | INFO | monitoring_service | ✅ [EXIT] Token Refresher API shut down cleanly.
2025-10-16 11:28:50 | INFO | monitoring_service | 📂 Logging initialized → /logs/monitoring_service_20251016.log
2025-10-16 11:28:50 | INFO | monitoring_service | ✅ Configuration loaded for Monitoring Service
2025-10-16 11:28:50 | INFO | monitoring_service | 🩺 Monitoring targets: ['data_service', 'strategy_service', 'execution_service', 'risk_service', 'auth_service']
2025-10-16 11:28:50 | INFO | monitoring_service | 🚀 Starting Monitoring Service...
2025-10-16 11:28:51 | INFO | monitoring_service | 📂 Logging initialized → /logs/monitoring_service_20251016.log
2025-10-16 11:28:51 | INFO | monitoring_service | ✅ [ENV] Loaded environment variables from /app/.env
2025-10-16 11:28:51 | INFO | monitoring_service | 🚀 [STARTUP] Token Refresher API starting up...
2025-10-16 11:28:51 | INFO | monitoring_service | 👀 [WATCHER] Watching for request_token updates every 30s...
2025-10-16 12:01:29 | INFO | monitoring_service | 🔗 [LOGIN] Generated Kite login URL.
2025-10-16 12:02:08 | INFO | monitoring_service | 🔑 [CALLBACK] Received request_token=8YXt1gyAuaoqh9lsKt2aDvgfzlU95y1z
2025-10-16 12:02:09 | ERROR | monitoring_service | 💥 [TOKEN] Failed to generate access token
Traceback (most recent call last):
  File "/app/token_refresher_api.py", line 120, in generate_real_access_token
    session_data = kite.generate_session(request_token, api_secret=KITE_API_SECRET)
                   ^^^^^^^^^^^^^^^^^^^^^^^^^^^^^^^^^^^^^^^^^^^^^^^^^^^^^^^^^^^^^^^^
  File "/usr/local/lib/python3.12/site-packages/kiteconnect/connect.py", line 263, in generate_session
    resp = self._post("api.token", params={
           ^^^^^^^^^^^^^^^^^^^^^^^^^^^^^^^^
  File "/usr/local/lib/python3.12/site-packages/kiteconnect/connect.py", line 865, in _post
    return self._request(route, "POST", url_args=url_args, params=params, is_json=is_json, query_params=query_params)
           ^^^^^^^^^^^^^^^^^^^^^^^^^^^^^^^^^^^^^^^^^^^^^^^^^^^^^^^^^^^^^^^^^^^^^^^^^^^^^^^^^^^^^^^^^^^^^^^^^^^^^^^^^^
  File "/usr/local/lib/python3.12/site-packages/kiteconnect/connect.py", line 937, in _request
    raise exp(data["message"], code=r.status_code)
kiteconnect.exceptions.TokenException: Invalid `checksum`.
2025-10-16 12:03:39 | INFO | monitoring_service | 🧹 [SHUTDOWN] Cleaning up background tasks...
2025-10-16 12:03:39 | INFO | monitoring_service | ✅ [EXIT] Token Refresher API shut down cleanly.
2025-10-16 12:10:04 | INFO | monitoring_service | 📂 Logging initialized → /logs/monitoring_service_20251016.log
2025-10-16 12:10:04 | INFO | monitoring_service | ✅ Configuration loaded for Monitoring Service
2025-10-16 12:10:04 | INFO | monitoring_service | 🩺 Monitoring targets: ['data_service', 'strategy_service', 'execution_service', 'risk_service', 'auth_service']
2025-10-16 12:10:04 | INFO | monitoring_service | 🚀 Starting Monitoring Service...
2025-10-16 12:10:05 | INFO | monitoring_service | 📂 Logging initialized → /logs/monitoring_service_20251016.log
2025-10-16 12:10:05 | INFO | monitoring_service | ✅ [ENV] Loaded environment variables from /app/.env
2025-10-16 12:10:05 | INFO | monitoring_service | 🚀 [STARTUP] Token Refresher API starting up...
2025-10-16 12:10:05 | INFO | monitoring_service | 👀 [WATCHER] Watching for request_token updates every 30s...
2025-10-16 12:10:31 | INFO | monitoring_service | 🔗 [LOGIN] Generated Kite login URL.
2025-10-16 12:11:08 | INFO | monitoring_service | 🔑 [CALLBACK] Received request_token=n5gvLAmkCuAXuTiL9VMSHt6DLiWn8WFF
2025-10-16 12:11:08 | ERROR | monitoring_service | 💥 [TOKEN] Failed to generate access token
Traceback (most recent call last):
  File "/app/token_refresher_api.py", line 120, in generate_real_access_token
    session_data = kite.generate_session(request_token, api_secret=KITE_API_SECRET)
                   ^^^^^^^^^^^^^^^^^^^^^^^^^^^^^^^^^^^^^^^^^^^^^^^^^^^^^^^^^^^^^^^^
  File "/usr/local/lib/python3.12/site-packages/kiteconnect/connect.py", line 263, in generate_session
    resp = self._post("api.token", params={
           ^^^^^^^^^^^^^^^^^^^^^^^^^^^^^^^^
  File "/usr/local/lib/python3.12/site-packages/kiteconnect/connect.py", line 865, in _post
    return self._request(route, "POST", url_args=url_args, params=params, is_json=is_json, query_params=query_params)
           ^^^^^^^^^^^^^^^^^^^^^^^^^^^^^^^^^^^^^^^^^^^^^^^^^^^^^^^^^^^^^^^^^^^^^^^^^^^^^^^^^^^^^^^^^^^^^^^^^^^^^^^^^^
  File "/usr/local/lib/python3.12/site-packages/kiteconnect/connect.py", line 937, in _request
    raise exp(data["message"], code=r.status_code)
kiteconnect.exceptions.TokenException: Invalid `checksum`.
2025-10-16 12:14:38 | INFO | monitoring_service | 🧹 [SHUTDOWN] Cleaning up background tasks...
2025-10-16 12:14:38 | INFO | monitoring_service | ✅ [EXIT] Token Refresher API shut down cleanly.
2025-10-16 12:17:38 | INFO | monitoring_service | 📂 Logging initialized → /logs/monitoring_service_20251016.log
2025-10-16 12:17:38 | INFO | monitoring_service | ✅ [ENV] Loaded environment variables from /app/.env
2025-10-16 12:17:38 | INFO | monitoring_service | 🚀 [STARTUP] Token Refresher API starting up...
2025-10-16 12:17:38 | INFO | monitoring_service | 👀 [WATCHER] Watching for request_token updates every 30s...
2025-10-16 12:18:47 | INFO | monitoring_service | 🔗 [LOGIN] Generated Kite login URL.
2025-10-16 12:19:26 | INFO | monitoring_service | 🔑 [CALLBACK] Received request_token=z13HmUNsodOcH4HKNxBSn3bKGJW7YqgU
2025-10-16 12:19:26 | INFO | monitoring_service | 🔐 [KITE DEBUG] computed_checksum=4430d13af0438a3b...(truncated)
2025-10-16 12:19:26 | WARNING | monitoring_service | 💥 [KITE TOKEN] TokenException from Kite: Invalid `checksum`.. computed_checksum=4430d13af0438a3b...
2025-10-16 12:21:26 | INFO | monitoring_service | 🔗 [LOGIN] Generated Kite login URL.
2025-10-16 12:21:46 | INFO | monitoring_service | 🔗 [LOGIN] Generated Kite login URL.
2025-10-16 12:23:37 | INFO | monitoring_service | 🔑 [CALLBACK] Received request_token=RYt9XIiskk6eV9QxEbVWNXfQZtmKTsGR
2025-10-16 12:23:37 | INFO | monitoring_service | 🔐 [KITE DEBUG] computed_checksum=bdd6cfd2db219fcc...(truncated)
2025-10-16 12:23:37 | WARNING | monitoring_service | 💥 [KITE TOKEN] TokenException from Kite: Invalid `checksum`.. computed_checksum=bdd6cfd2db219fcc...
2025-10-16 12:26:00 | INFO | monitoring_service | 🧹 [SHUTDOWN] Cleaning up background tasks...
2025-10-16 12:26:00 | INFO | monitoring_service | ✅ [EXIT] Token Refresher API shut down cleanly.
2025-10-16 12:26:01 | INFO | monitoring_service | 📂 Logging initialized → /logs/monitoring_service_20251016.log
2025-10-16 12:26:01 | INFO | monitoring_service | ✅ [ENV] Loaded environment variables from /app/.env
2025-10-16 12:26:01 | INFO | monitoring_service | 🚀 [STARTUP] Token Refresher API starting up...
2025-10-16 12:26:01 | INFO | monitoring_service | 👀 [WATCHER] Watching for request_token updates every 30s...
2025-10-16 12:26:04 | INFO | monitoring_service | 🔑 [CALLBACK] Received request_token=RYt9XIiskk6eV9QxEbVWNXfQZtmKTsGR
2025-10-16 12:26:04 | INFO | monitoring_service | 🔐 [KITE DEBUG] computed_checksum=bdd6cfd2db219fcc...(truncated)
2025-10-16 12:26:04 | WARNING | monitoring_service | 💥 [KITE TOKEN] TokenException from Kite: Invalid `checksum`.. computed_checksum=bdd6cfd2db219fcc...
2025-10-16 12:26:11 | INFO | monitoring_service | 🔗 [LOGIN] Generated Kite login URL.
2025-10-16 12:32:49 | INFO | monitoring_service | 🧹 [SHUTDOWN] Cleaning up background tasks...
2025-10-16 12:32:49 | INFO | monitoring_service | ✅ [EXIT] Token Refresher API shut down cleanly.
2025-10-16 12:32:51 | INFO | monitoring_service | 📂 Logging initialized → /logs/monitoring_service_20251016.log
2025-10-16 12:32:51 | INFO | monitoring_service | ✅ [ENV] Loaded environment variables from /app/.env
2025-10-16 12:32:51 | INFO | monitoring_service | 🚀 [STARTUP] Token Refresher API starting up...
2025-10-16 12:32:51 | INFO | monitoring_service | 👀 [WATCHER] Watching for request_token updates every 30s...
2025-10-16 12:33:41 | INFO | monitoring_service | 🔗 [LOGIN] Generated Kite login URL.
2025-10-16 12:34:12 | INFO | monitoring_service | 🔑 [CALLBACK] Received request_token=gnBqHWym37GboUsZiIsuJOL7Dy2UsY34
2025-10-16 12:34:12 | INFO | monitoring_service | 🔐 [KITE DEBUG] computed_checksum=8c0f4eb9d68bb357...(truncated)
2025-10-16 12:34:12 | WARNING | monitoring_service | 💥 [KITE TOKEN] TokenException from Kite: Invalid `checksum`.. computed_checksum=8c0f4eb9d68bb357...
2025-10-16 12:37:55 | INFO | monitoring_service | 🔍 [DEBUG] Computed checksum for token=zLSrvXyo... -> 87bf8834b3cb530e...
2025-10-16 12:38:05 | INFO | monitoring_service | 🔍 [DEBUG] Computed checksum for token=zLSrvXyo... -> 87bf8834b3cb530e...
2025-10-16 12:40:54 | INFO | monitoring_service | 🧹 [SHUTDOWN] Cleaning up background tasks...
2025-10-16 12:40:54 | INFO | monitoring_service | ✅ [EXIT] Token Refresher API shut down cleanly.
2025-10-16 12:40:56 | INFO | monitoring_service | 📂 Logging initialized → /logs/monitoring_service_20251016.log
2025-10-16 12:40:56 | INFO | monitoring_service | ✅ [ENV] Loaded environment variables from /app/.env
2025-10-16 12:40:56 | INFO | monitoring_service | 🚀 [STARTUP] Token Refresher API starting up...
2025-10-16 12:40:56 | INFO | monitoring_service | 👀 [WATCHER] Watching for request_token updates every 30s...
2025-10-16 12:40:56 | INFO | monitoring_service | 🔍 [DEBUG] Computed checksum for token=zLSrvXyo... -> gouftxcthlwelj97...
2025-10-16 12:41:28 | INFO | monitoring_service | 🔗 [LOGIN] Generated Kite login URL.
2025-10-16 12:41:51 | INFO | monitoring_service | 🔑 [CALLBACK] Received request_token=NemBf7TADU5ZLZmpJRfcYyzCMHEGj0hR
2025-10-16 12:41:51 | INFO | monitoring_service | 🔐 [KITE DEBUG] computed_signature=gouftxcthlwelj97...(truncated)
2025-10-16 12:41:51 | WARNING | monitoring_service | 💥 [KITE TOKEN] TokenException from Kite: Invalid `checksum`.. computed_signature=gouftxcthlwelj97...
2025-10-16 12:42:31 | INFO | monitoring_service | 🧹 [SHUTDOWN] Cleaning up background tasks...
2025-10-16 12:42:31 | INFO | monitoring_service | ✅ [EXIT] Token Refresher API shut down cleanly.
2025-10-16 12:42:32 | INFO | monitoring_service | 📂 Logging initialized → /logs/monitoring_service_20251016.log
2025-10-16 12:42:32 | INFO | monitoring_service | ✅ [ENV] Loaded environment variables from /app/.env
2025-10-16 12:42:32 | INFO | monitoring_service | 🚀 [STARTUP] Token Refresher API starting up...
2025-10-16 12:42:32 | INFO | monitoring_service | 👀 [WATCHER] Watching for request_token updates every 30s...
2025-10-16 12:42:33 | INFO | monitoring_service | 🔍 [DEBUG] Computed checksum for token=zLSrvXyo... -> gouftxcthlwelj97...
2025-10-16 12:44:35 | INFO | monitoring_service | 🧹 [SHUTDOWN] Cleaning up background tasks...
2025-10-16 12:44:35 | INFO | monitoring_service | ✅ [EXIT] Token Refresher API shut down cleanly.
2025-10-16 12:44:37 | INFO | monitoring_service | 📂 Logging initialized → /logs/monitoring_service_20251016.log
2025-10-16 12:44:37 | INFO | monitoring_service | ✅ [ENV] Loaded environment variables from /app/.env
2025-10-16 12:44:37 | INFO | monitoring_service | 🚀 [STARTUP] Token Refresher API starting up...
2025-10-16 12:44:37 | INFO | monitoring_service | 👀 [WATCHER] Watching for request_token updates every 30s...
2025-10-16 12:44:37 | INFO | monitoring_service | 🔍 [DEBUG] Printed KITE_ACCESS_TOKEN to stdout
2025-10-16 12:44:50 | INFO | monitoring_service | 🔗 [LOGIN] Generated Kite login URL.
2025-10-16 12:45:20 | INFO | monitoring_service | 🔑 [CALLBACK] Received request_token=Hb52on62N19ud4t5F4boLt6HjRkUvWnf
2025-10-16 12:45:20 | INFO | monitoring_service | 🔐 [KITE DEBUG] computed_signature=gouftxcthlwelj97...(truncated)
2025-10-16 12:45:20 | WARNING | monitoring_service | 💥 [KITE TOKEN] TokenException from Kite: Invalid `checksum`.. computed_signature=gouftxcthlwelj97...
2025-10-16 12:46:07 | INFO | monitoring_service | 🔗 [LOGIN] Generated Kite login URL.
2025-10-16 12:48:22 | INFO | monitoring_service | 🔑 [CALLBACK] Received request_token=v80jLl55o4lbskW3GYi1KCslGXirpWUK
2025-10-16 12:48:22 | INFO | monitoring_service | 🔐 [KITE DEBUG] computed_signature=gouftxcthlwelj97...(truncated)
2025-10-16 12:48:22 | WARNING | monitoring_service | 💥 [KITE TOKEN] TokenException from Kite: Invalid `checksum`.. computed_signature=gouftxcthlwelj97...
2025-10-16 12:55:58 | INFO | monitoring_service | 🧹 [SHUTDOWN] Cleaning up background tasks...
2025-10-16 12:55:58 | INFO | monitoring_service | ✅ [EXIT] Token Refresher API shut down cleanly.
2025-10-16 12:55:59 | INFO | monitoring_service | 📂 Logging initialized → /logs/monitoring_service_20251016.log
2025-10-16 12:56:00 | INFO | monitoring_service | ✅ [ENV] Loaded environment variables from /app/.env
2025-10-16 12:56:00 | INFO | monitoring_service | 🚀 [STARTUP] Token Refresher API starting up...
2025-10-16 12:56:00 | INFO | monitoring_service | 👀 [WATCHER] Watching for request_token updates every 30s...
2025-10-16 12:56:00 | INFO | monitoring_service | 🔗 [STARTUP] Kite login URL written to /app/kite_login_url.txt
2025-10-16 12:56:00 | INFO | monitoring_service | 🔗 [STARTUP] Login URL: https://kite.zerodha.com/connect/login?api_key=gouftxcthlwelj97&v=3
2025-10-16 12:59:28 | INFO | monitoring_service | 🧹 [SHUTDOWN] Cleaning up background tasks...
2025-10-16 12:59:28 | INFO | monitoring_service | ✅ [EXIT] Token Refresher API shut down cleanly.
2025-10-16 12:59:30 | INFO | monitoring_service | 📂 Logging initialized → /logs/monitoring_service_20251016.log
2025-10-16 12:59:30 | INFO | monitoring_service | ✅ [ENV] Loaded environment variables from /app/.env
2025-10-16 12:59:30 | INFO | monitoring_service | 🚀 [STARTUP] Token Refresher API starting up...
2025-10-16 12:59:30 | INFO | monitoring_service | 👀 [WATCHER] Watching for request_token updates every 30s...
2025-10-16 13:04:15 | INFO | monitoring_service | 🧹 [SHUTDOWN] Cleaning up background tasks...
2025-10-16 13:04:15 | INFO | monitoring_service | ✅ [EXIT] Token Refresher API shut down cleanly.
2025-10-16 13:04:17 | INFO | monitoring_service | 📂 Logging initialized → /logs/monitoring_service_20251016.log
2025-10-16 13:04:17 | INFO | monitoring_service | ✅ [ENV] Loaded environment variables from /app/.env
2025-10-16 13:04:17 | INFO | monitoring_service | 🚀 [STARTUP] Token Refresher API starting up...
2025-10-16 13:04:17 | INFO | monitoring_service | 👀 [WATCHER] Watching for request_token updates every 30s...
2025-10-16 13:11:37 | INFO | monitoring_service | 🧹 [SHUTDOWN] Cleaning up background tasks...
2025-10-16 13:11:37 | INFO | monitoring_service | ✅ [EXIT] Token Refresher API shut down cleanly.
2025-10-16 13:15:34 | INFO | monitoring_service | 📂 Logging initialized → /logs/monitoring_service_20251016.log
2025-10-16 13:15:34 | INFO | monitoring_service | ✅ [ENV] Loaded environment variables from /app/.env
2025-10-16 13:15:34 | INFO | monitoring_service | 🚀 [STARTUP] Token Refresher API starting up...
2025-10-16 13:15:34 | INFO | monitoring_service | 👀 [WATCHER] Watching for request_token updates every 30s...
2025-10-16 13:21:38 | INFO | monitoring_service | 🧹 [SHUTDOWN] Cleaning up background tasks...
2025-10-16 13:21:38 | INFO | monitoring_service | ✅ [EXIT] Token Refresher API shut down cleanly.
2025-10-16 13:21:40 | INFO | monitoring_service | 📂 Logging initialized → /logs/monitoring_service_20251016.log
2025-10-16 13:21:40 | INFO | monitoring_service | ✅ [ENV] Loaded environment variables from /app/.env
2025-10-16 13:21:40 | INFO | monitoring_service | 🚀 [STARTUP] Token Refresher API starting up...
2025-10-16 13:21:40 | INFO | monitoring_service | 👀 [WATCHER] Watching for request_token updates every 30s...
2025-10-16 13:27:04 | INFO | monitoring_service | 🧹 [SHUTDOWN] Cleaning up background tasks...
2025-10-16 13:27:04 | INFO | monitoring_service | ✅ [EXIT] Token Refresher API shut down cleanly.
2025-10-16 13:27:05 | INFO | monitoring_service | 📂 Logging initialized → /logs/monitoring_service_20251016.log
2025-10-16 13:27:05 | INFO | monitoring_service | ✅ [ENV] Loaded environment variables from /app/.env
2025-10-16 13:27:05 | INFO | monitoring_service | 🚀 [STARTUP] Token Refresher API starting up...
2025-10-16 13:27:05 | INFO | monitoring_service | 👀 [WATCHER] Watching for request_token updates every 30s...
2025-10-16 13:40:19 | INFO | monitoring_service | 🧹 [SHUTDOWN] Cleaning up background tasks...
2025-10-16 13:40:19 | INFO | monitoring_service | ✅ [EXIT] Token Refresher API shut down cleanly.
2025-10-16 13:40:21 | INFO | monitoring_service | 📂 Logging initialized → /logs/monitoring_service_20251016.log
2025-10-16 13:40:21 | INFO | monitoring_service | ✅ [ENV] Loaded environment variables from /app/.env
2025-10-16 13:40:21 | INFO | monitoring_service | 🚀 [STARTUP] Token Refresher API starting up...
2025-10-16 13:40:21 | INFO | monitoring_service | 👀 [WATCHER] Watching for request_token updates every 30s...
2025-10-16 13:40:31 | INFO | monitoring_service | 🔗 [LOGIN] Generated Kite login URL.
2025-10-16 13:40:38 | INFO | monitoring_service | 🔑 [CALLBACK] Received request_token=test-token-123
2025-10-16 13:40:38 | INFO | monitoring_service | 🔐 [KITE DEBUG] computed_signature=gouftxcthlwelj97...(truncated)
2025-10-16 13:40:38 | WARNING | monitoring_service | 💥 [KITE TOKEN] TokenException from Kite: Token is invalid or has expired.. computed_signature=gouftxcthlwelj97...
2025-10-16 13:41:36 | INFO | monitoring_service | 🧹 [SHUTDOWN] Cleaning up background tasks...
2025-10-16 13:41:36 | INFO | monitoring_service | ✅ [EXIT] Token Refresher API shut down cleanly.
2025-10-16 13:41:38 | INFO | monitoring_service | 📂 Logging initialized → /logs/monitoring_service_20251016.log
2025-10-16 13:41:38 | INFO | monitoring_service | ✅ [ENV] Loaded environment variables from /app/.env
2025-10-16 13:41:38 | INFO | monitoring_service | 🚀 [STARTUP] Token Refresher API starting up...
2025-10-16 13:41:38 | INFO | monitoring_service | 👀 [WATCHER] Watching for request_token updates every 30s...
2025-10-16 13:42:18 | INFO | monitoring_service | 🔑 [CALLBACK] Received request_token=923EQehrMdif5xKJ0HJqd8CfCDon0YTR
2025-10-16 13:42:18 | INFO | monitoring_service | 🔐 [KITE DEBUG] computed_signature_preview=gouftxcthlwelj97... sha256=f7741109ce4dade7...
2025-10-16 13:42:18 | WARNING | monitoring_service | 💥 [KITE TOKEN] TokenException from Kite: Invalid `checksum`.. computed_signature_preview=gouftxcthlwelj97... sha256=f7741109ce4dade7...
2025-10-16 13:42:44 | INFO | monitoring_service | 🔑 [CALLBACK] Received request_token=923EQehrMdif5xKJ0HJqd8CfCDon0YTR
2025-10-16 13:42:44 | INFO | monitoring_service | 🔐 [KITE DEBUG] computed_signature_preview=gouftxcthlwelj97... sha256=f7741109ce4dade7...
2025-10-16 13:42:44 | WARNING | monitoring_service | 💥 [KITE TOKEN] TokenException from Kite: Invalid `checksum`.. computed_signature_preview=gouftxcthlwelj97... sha256=f7741109ce4dade7...
2025-10-16 13:43:55 | INFO | monitoring_service | 🧹 [SHUTDOWN] Cleaning up background tasks...
2025-10-16 13:43:55 | INFO | monitoring_service | ✅ [EXIT] Token Refresher API shut down cleanly.
2025-10-16 13:43:56 | INFO | monitoring_service | 📂 Logging initialized → /logs/monitoring_service_20251016.log
2025-10-16 13:43:56 | INFO | monitoring_service | ✅ [ENV] Loaded environment variables from /app/.env
2025-10-16 13:43:56 | INFO | monitoring_service | 🚀 [STARTUP] Token Refresher API starting up...
2025-10-16 13:43:56 | INFO | monitoring_service | 👀 [WATCHER] Watching for request_token updates every 30s...
2025-10-16 13:44:04 | INFO | monitoring_service | 🔑 [CALLBACK] Received request_token=923EQehrMdif5xKJ0HJqd8CfCDon0YTR
2025-10-16 13:44:04 | INFO | monitoring_service | 🔐 [KITE DEBUG] computed_signature_preview=gouftxcthlwelj97... sha256=f7741109ce4dade7...
2025-10-16 13:44:04 | WARNING | monitoring_service | 💥 [KITE TOKEN] TokenException from Kite: Invalid `checksum`.. computed_signature_preview=gouftxcthlwelj97... sha256=f7741109ce4dade7...
2025-10-16 13:45:41 | INFO | monitoring_service | 🧹 [SHUTDOWN] Cleaning up background tasks...
2025-10-16 13:45:41 | INFO | monitoring_service | ✅ [EXIT] Token Refresher API shut down cleanly.
2025-10-16 13:45:43 | INFO | monitoring_service | 📂 Logging initialized → /logs/monitoring_service_20251016.log
2025-10-16 13:45:43 | INFO | monitoring_service | ✅ [ENV] Loaded environment variables from /app/.env
2025-10-16 13:45:43 | INFO | monitoring_service | 🔑 [ENV] KITE_API_KEY length=16 KITE_API_SECRET length=32
2025-10-16 13:45:43 | INFO | monitoring_service | 🚀 [STARTUP] Token Refresher API starting up...
2025-10-16 13:45:43 | INFO | monitoring_service | 👀 [WATCHER] Watching for request_token updates every 30s...
2025-10-16 13:45:59 | INFO | monitoring_service | 🔑 [CALLBACK] Received request_token=923EQehrMdif5xKJ0HJqd8CfCDon0YTR
2025-10-16 13:45:59 | INFO | monitoring_service | 🔐 [KITE DEBUG] computed_signature_preview=gouftxcthlwelj97... sha256=f7741109ce4dade7...
2025-10-16 13:46:00 | WARNING | monitoring_service | 💥 [KITE TOKEN] TokenException from Kite: Invalid `checksum`.. key_preview=gouftx...97 secret_preview=woh6u3...u5 computed_signature_preview=gouftxcthlwelj97... sha256=f7741109ce4dade7...
2025-10-16 13:47:04 | INFO | monitoring_service | 🧹 [SHUTDOWN] Cleaning up background tasks...
2025-10-16 13:47:04 | INFO | monitoring_service | ✅ [EXIT] Token Refresher API shut down cleanly.
2025-10-16 13:47:06 | INFO | monitoring_service | 📂 Logging initialized → /logs/monitoring_service_20251016.log
2025-10-16 13:47:06 | INFO | monitoring_service | ✅ [ENV] Loaded environment variables from /app/.env
2025-10-16 13:47:06 | INFO | monitoring_service | 🔑 [ENV] KITE_API_KEY length=16 KITE_API_SECRET length=32
2025-10-16 13:47:06 | INFO | monitoring_service | 🚀 [STARTUP] Token Refresher API starting up...
2025-10-16 13:47:06 | INFO | monitoring_service | 👀 [WATCHER] Watching for request_token updates every 30s...
2025-10-16 13:48:06 | INFO | monitoring_service | 🔑 [CALLBACK] Received request_token=cN2IBKplvPEGTnwb175h4jmE67cWAHEp
2025-10-16 13:48:06 | INFO | monitoring_service | 🔐 [KITE DEBUG] computed_signature_preview=gouftxcthlwelj97... sha256=6f4c18a9c9f8ad9a...
2025-10-16 13:48:06 | WARNING | monitoring_service | 💥 [KITE TOKEN] TokenException from Kite: Invalid `checksum`.. key_preview=gouftx...97 secret_preview=woh6u3...u5 computed_signature_preview=gouftxcthlwelj97... sha256=6f4c18a9c9f8ad9a...
2025-10-16 13:59:17 | INFO | monitoring_service | 🔑 [CALLBACK] Received request_token=aGBgxKgVWqXTIc1PfOlR6n8VVD4pcicg
2025-10-16 13:59:17 | INFO | monitoring_service | 🔐 [KITE DEBUG] computed_signature_preview=gouftxcthlwelj97... sha256=1dc715d44a687d38...
2025-10-16 13:59:18 | WARNING | monitoring_service | 💥 [KITE TOKEN] TokenException from Kite: Invalid `checksum`.. key_preview=gouftx...97 secret_preview=woh6u3...u5 computed_signature_preview=gouftxcthlwelj97... sha256=1dc715d44a687d38...
2025-10-16 14:04:01 | INFO | monitoring_service | 🧹 [SHUTDOWN] Cleaning up background tasks...
2025-10-16 14:04:01 | INFO | monitoring_service | ✅ [EXIT] Token Refresher API shut down cleanly.
2025-10-16 14:04:08 | INFO | monitoring_service | 📂 Logging initialized → /logs/monitoring_service_20251016.log
2025-10-16 14:04:08 | INFO | monitoring_service | ✅ [ENV] Loaded environment variables from /app/.env
2025-10-16 14:04:08 | INFO | monitoring_service | 🚀 [STARTUP] Token Refresher Service started successfully.
2025-10-16 14:07:52 | INFO | monitoring_service | 🧹 [SHUTDOWN] Token Refresher shutting down...
2025-10-16 14:07:54 | INFO | monitoring_service | 📂 Logging initialized → /logs/monitoring_service_20251016.log
2025-10-16 14:07:54 | INFO | monitoring_service | ✅ [ENV] Loaded environment variables from /app/.env
2025-10-16 14:07:54 | INFO | monitoring_service | 🚀 [STARTUP] Token Refresher Service started successfully.
2025-10-16 14:08:23 | INFO | monitoring_service | 📂 Logging initialized → /logs/monitoring_service_20251016.log
2025-10-16 14:08:23 | INFO | monitoring_service | ✅ Configuration loaded for Monitoring Service
2025-10-16 14:08:23 | INFO | monitoring_service | 🩺 Monitoring targets: ['data_service', 'strategy_service', 'execution_service', 'risk_service', 'auth_service']
2025-10-16 14:08:23 | INFO | monitoring_service | 🚀 Starting Monitoring Service...
2025-10-16 14:09:45 | INFO | monitoring_service | 🔑 [CALLBACK] Received request_token=hqKvarSM...
2025-10-16 14:09:45 | INFO | monitoring_service | 🔑 [KITE] Generating new access token for request_token=hqKvarSM...
2025-10-16 14:09:46 | ERROR | monitoring_service | 💥 [KITE TOKEN] Invalid request_token: Invalid `checksum`.
2025-10-16 14:11:42 | INFO | monitoring_service | 🔑 [CALLBACK] Received request_token=6XpMOQhn...
2025-10-16 14:11:42 | INFO | monitoring_service | 🔑 [KITE] Generating new access token for request_token=6XpMOQhn...
2025-10-16 14:11:42 | ERROR | monitoring_service | 💥 [KITE TOKEN] Invalid request_token: Invalid `checksum`.
2025-10-16 14:12:28 | INFO | monitoring_service | 🧹 [SHUTDOWN] Token Refresher shutting down...
2025-10-16 14:17:38 | INFO | monitoring_service | 📂 Logging initialized → /logs/monitoring_service_20251016.log
2025-10-16 14:17:38 | INFO | monitoring_service | ✅ Configuration loaded for Monitoring Service
2025-10-16 14:17:38 | INFO | monitoring_service | 🩺 Monitoring targets: ['data_service', 'strategy_service', 'execution_service', 'risk_service', 'auth_service']
2025-10-16 14:17:38 | INFO | monitoring_service | 🚀 Starting Monitoring Service...
2025-10-16 14:17:39 | INFO | monitoring_service | 📂 Logging initialized → /logs/monitoring_service_20251016.log
2025-10-16 14:17:39 | INFO | monitoring_service | ✅ [ENV] Loaded environment variables from /app/.env
2025-10-16 14:17:39 | INFO | monitoring_service | 🚀 [STARTUP] Token Refresher Service started successfully.
2025-10-16 14:19:51 | INFO | monitoring_service | 🔑 [CALLBACK] Received request_token=4gDZPINM...
2025-10-16 14:19:51 | INFO | monitoring_service | 🔑 [KITE] Generating new access token for request_token=4gDZPINM...
2025-10-16 14:19:51 | ERROR | monitoring_service | 💥 [KITE TOKEN] Invalid request_token: Invalid `checksum`.
2025-10-16 14:20:52 | INFO | monitoring_service | 📂 Logging initialized → /logs/monitoring_service_20251016.log
2025-10-16 14:20:52 | INFO | monitoring_service | ✅ Configuration loaded for Monitoring Service
2025-10-16 14:20:52 | INFO | monitoring_service | 🩺 Monitoring targets: ['data_service', 'strategy_service', 'execution_service', 'risk_service', 'auth_service']
2025-10-16 14:20:52 | INFO | monitoring_service | 🚀 Starting Monitoring Service...
2025-10-16 14:21:59 | INFO | monitoring_service | 🧹 [SHUTDOWN] Token Refresher shutting down...
2025-10-16 14:22:01 | INFO | monitoring_service | 📂 Logging initialized → /logs/monitoring_service_20251016.log
2025-10-16 14:22:01 | INFO | monitoring_service | ✅ Configuration loaded for Monitoring Service
2025-10-16 14:22:01 | INFO | monitoring_service | 🩺 Monitoring targets: ['data_service', 'strategy_service', 'execution_service', 'risk_service', 'auth_service']
2025-10-16 14:22:01 | INFO | monitoring_service | 🚀 Starting Monitoring Service...
2025-10-16 14:22:02 | INFO | monitoring_service | 📂 Logging initialized → /logs/monitoring_service_20251016.log
2025-10-16 14:22:02 | INFO | monitoring_service | ✅ [ENV] Loaded environment variables from /app/.env
2025-10-16 14:22:02 | INFO | monitoring_service | 🚀 [STARTUP] Token Refresher Service started successfully.
2025-10-16 14:46:59 | INFO | monitoring_service | 🔑 [CALLBACK] Received request_token=wf8ZxUF7...
2025-10-16 14:46:59 | INFO | monitoring_service | 🔑 [KITE] Generating new access token for request_token=wf8ZxUF7...
2025-10-16 14:47:00 | ERROR | monitoring_service | 💥 [KITE TOKEN] Invalid request_token: Invalid `checksum`.
2025-10-16 15:20:47 | INFO | monitoring_service | 🧹 [SHUTDOWN] Token Refresher shutting down...
2025-10-16 15:20:50 | INFO | monitoring_service | 📂 Logging initialized → /logs/monitoring_service_20251016.log
2025-10-16 15:20:50 | INFO | monitoring_service | ✅ Configuration loaded for Monitoring Service
2025-10-16 15:20:50 | INFO | monitoring_service | 🩺 Monitoring targets: ['data_service', 'strategy_service', 'execution_service', 'risk_service', 'auth_service']
2025-10-16 15:20:50 | INFO | monitoring_service | 🚀 Starting Monitoring Service...
2025-10-16 15:20:50 | INFO | monitoring_service | 📂 Logging initialized → /logs/monitoring_service_20251016.log
2025-10-16 15:20:50 | INFO | monitoring_service | ✅ [ENV] Loaded environment variables from /app/.env
2025-10-16 15:20:50 | INFO | monitoring_service | 🚀 [STARTUP] Token Refresher Service started successfully.
2025-10-16 15:24:11 | INFO | monitoring_service | 🔑 [CALLBACK] Received request_token=HOFphvQe...
2025-10-16 15:24:11 | INFO | monitoring_service | 🔑 [KITE] Generating new access token for request_token=HOFphvQe...
2025-10-16 15:24:11 | ERROR | monitoring_service | 💥 [KITE TOKEN] Invalid request_token: Invalid `checksum`.
2025-10-16 15:25:25 | INFO | monitoring_service | 🧹 [SHUTDOWN] Token Refresher shutting down...
2025-10-16 15:25:26 | INFO | monitoring_service | 📂 Logging initialized → /logs/monitoring_service_20251016.log
2025-10-16 15:25:26 | INFO | monitoring_service | ✅ Configuration loaded for Monitoring Service
2025-10-16 15:25:26 | INFO | monitoring_service | 🩺 Monitoring targets: ['data_service', 'strategy_service', 'execution_service', 'risk_service', 'auth_service']
2025-10-16 15:25:26 | INFO | monitoring_service | 🚀 Starting Monitoring Service...
2025-10-16 15:25:26 | INFO | monitoring_service | 📂 Logging initialized → /logs/monitoring_service_20251016.log
2025-10-16 15:25:26 | INFO | monitoring_service | ✅ [ENV] Loaded environment variables from /app/.env
2025-10-16 15:25:26 | INFO | monitoring_service | 🚀 [STARTUP] Token Refresher Service started successfully.
2025-10-16 15:38:52 | INFO | monitoring_service | 🔑 [CALLBACK] Received request_token=zEl0FjAW...
2025-10-16 15:38:52 | INFO | monitoring_service | 🔑 [KITE] Generating new access token for request_token=zEl0FjAW...
2025-10-16 15:38:53 | ERROR | monitoring_service | 💥 [KITE TOKEN] Invalid request_token: Invalid `checksum`.
2025-10-16 15:55:52 | INFO | monitoring_service | 🧹 [SHUTDOWN] Token Refresher shutting down...
2025-10-16 15:55:55 | INFO | monitoring_service | 📂 Logging initialized → /logs/monitoring_service_20251016.log
2025-10-16 15:55:55 | INFO | monitoring_service | ✅ Configuration loaded for Monitoring Service
2025-10-16 15:55:55 | INFO | monitoring_service | 🩺 Monitoring targets: ['data_service', 'strategy_service', 'execution_service', 'risk_service', 'auth_service']
2025-10-16 15:55:55 | INFO | monitoring_service | 🚀 Starting Monitoring Service...
2025-10-16 15:55:55 | INFO | monitoring_service | 📂 Logging initialized → /logs/monitoring_service_20251016.log
2025-10-16 15:55:55 | INFO | monitoring_service | ✅ [ENV] Loaded environment variables from /app/.env
2025-10-16 15:55:55 | INFO | monitoring_service | 🚀 [STARTUP] Token Refresher Service started successfully.
2025-10-16 16:03:15 | INFO | monitoring_service | 🧹 [SHUTDOWN] Token Refresher shutting down...
2025-10-16 16:03:27 | INFO | monitoring_service | 📂 Logging initialized → /logs/monitoring_service_20251016.log
2025-10-16 16:03:27 | INFO | monitoring_service | ✅ Configuration loaded for Monitoring Service
2025-10-16 16:03:27 | INFO | monitoring_service | 🩺 Monitoring targets: ['data_service', 'strategy_service', 'execution_service', 'risk_service', 'auth_service']
2025-10-16 16:03:27 | INFO | monitoring_service | 🚀 Starting Monitoring Service...
2025-10-16 16:03:27 | INFO | monitoring_service | 📂 Logging initialized → /logs/monitoring_service_20251016.log
2025-10-16 16:03:27 | INFO | monitoring_service | ✅ [ENV] Loaded environment variables from /app/.env
2025-10-16 16:03:27 | INFO | monitoring_service | 🚀 [STARTUP] Token Refresher Service started successfully.
2025-10-16 16:05:58 | INFO | monitoring_service | 🧹 [SHUTDOWN] Token Refresher shutting down...
2025-10-16 16:06:39 | INFO | monitoring_service | 📂 Logging initialized → /logs/monitoring_service_20251016.log
2025-10-16 16:06:39 | INFO | monitoring_service | ✅ Configuration loaded for Monitoring Service
2025-10-16 16:06:39 | INFO | monitoring_service | 🩺 Monitoring targets: ['data_service', 'strategy_service', 'execution_service', 'risk_service', 'auth_service']
2025-10-16 16:06:39 | INFO | monitoring_service | 🚀 Starting Monitoring Service...
2025-10-16 16:06:40 | INFO | monitoring_service | 📂 Logging initialized → /logs/monitoring_service_20251016.log
2025-10-16 16:06:40 | INFO | monitoring_service | ✅ [ENV] Loaded environment variables from /app/.env
2025-10-16 16:06:40 | INFO | monitoring_service | 🚀 [STARTUP] Token Refresher Service started successfully.
2025-10-16 17:26:12 | INFO | monitoring_service | 🧹 [SHUTDOWN] Token Refresher shutting down...
2025-10-16 19:27:55 | INFO | monitoring_service | 📂 Logging initialized → /logs/monitoring_service_20251016.log
2025-10-16 19:27:55 | INFO | monitoring_service | ✅ Configuration loaded for Monitoring Service
2025-10-16 19:27:55 | INFO | monitoring_service | 🩺 Monitoring targets: ['data_service', 'strategy_service', 'execution_service', 'risk_service', 'auth_service']
2025-10-16 19:27:55 | INFO | monitoring_service | 🚀 Starting Monitoring Service...
2025-10-16 19:27:56 | INFO | monitoring_service | 📂 Logging initialized → /logs/monitoring_service_20251016.log
2025-10-16 19:27:56 | INFO | monitoring_service | ✅ [ENV] Loaded environment variables from /app/.env
2025-10-16 19:27:56 | INFO | monitoring_service | 🚀 [STARTUP] Token Refresher Service started successfully.
2025-10-16 19:34:51 | INFO | monitoring_service | 🧹 [SHUTDOWN] Token Refresher shutting down...
2025-10-16 19:34:52 | INFO | monitoring_service | 📂 Logging initialized → /logs/monitoring_service_20251016.log
2025-10-16 19:34:52 | INFO | monitoring_service | ✅ Configuration loaded for Monitoring Service
2025-10-16 19:34:52 | INFO | monitoring_service | 🩺 Monitoring targets: ['data_service', 'strategy_service', 'execution_service', 'risk_service', 'auth_service']
2025-10-16 19:34:52 | INFO | monitoring_service | 🚀 Starting Monitoring Service...
2025-10-16 19:34:53 | INFO | monitoring_service | 📂 Logging initialized → /logs/monitoring_service_20251016.log
2025-10-16 19:34:53 | INFO | monitoring_service | ✅ [ENV] Loaded environment variables from /app/.env
2025-10-16 19:34:53 | INFO | monitoring_service | 🚀 [STARTUP] Token Refresher Service started successfully.
2025-10-16 19:37:13 | INFO | monitoring_service | 🧹 [SHUTDOWN] Token Refresher shutting down...
2025-10-16 19:37:14 | INFO | monitoring_service | 📂 Logging initialized → /logs/monitoring_service_20251016.log
2025-10-16 19:37:14 | INFO | monitoring_service | ✅ Configuration loaded for Monitoring Service
2025-10-16 19:37:14 | INFO | monitoring_service | 🩺 Monitoring targets: ['data_service', 'strategy_service', 'execution_service', 'risk_service', 'auth_service']
2025-10-16 19:37:14 | INFO | monitoring_service | 🚀 Starting Monitoring Service...
2025-10-16 19:37:14 | INFO | monitoring_service | 📂 Logging initialized → /logs/monitoring_service_20251016.log
2025-10-16 19:37:14 | INFO | monitoring_service | ✅ [ENV] Loaded environment variables from /app/.env
2025-10-16 19:37:14 | INFO | monitoring_service | 🚀 [STARTUP] Token Refresher Service started successfully.
2025-10-16 19:38:44 | INFO | monitoring_service | 🧹 [SHUTDOWN] Token Refresher shutting down...
2025-10-16 19:38:59 | INFO | monitoring_service | 📂 Logging initialized → /logs/monitoring_service_20251016.log
2025-10-16 19:38:59 | INFO | monitoring_service | ✅ Configuration loaded for Monitoring Service
2025-10-16 19:38:59 | INFO | monitoring_service | 🩺 Monitoring targets: ['data_service', 'strategy_service', 'execution_service', 'risk_service', 'auth_service']
2025-10-16 19:38:59 | INFO | monitoring_service | 🚀 Starting Monitoring Service...
2025-10-16 19:39:00 | INFO | monitoring_service | 📂 Logging initialized → /logs/monitoring_service_20251016.log
2025-10-16 19:39:00 | INFO | monitoring_service | ✅ [ENV] Loaded environment variables from /app/.env
2025-10-16 19:39:00 | INFO | monitoring_service | 🚀 [STARTUP] Token Refresher Service started successfully.
